running egg_info
creating ../../build/gesture_vision/gesture_vision.egg-info
writing ../../build/gesture_vision/gesture_vision.egg-info/PKG-INFO
writing dependency_links to ../../build/gesture_vision/gesture_vision.egg-info/dependency_links.txt
writing entry points to ../../build/gesture_vision/gesture_vision.egg-info/entry_points.txt
writing requirements to ../../build/gesture_vision/gesture_vision.egg-info/requires.txt
writing top-level names to ../../build/gesture_vision/gesture_vision.egg-info/top_level.txt
writing manifest file '../../build/gesture_vision/gesture_vision.egg-info/SOURCES.txt'
reading manifest file '../../build/gesture_vision/gesture_vision.egg-info/SOURCES.txt'
writing manifest file '../../build/gesture_vision/gesture_vision.egg-info/SOURCES.txt'
running build
running build_py
creating /home/caleb/illustrateUR3/build/gesture_vision/build
creating /home/caleb/illustrateUR3/build/gesture_vision/build/lib
creating /home/caleb/illustrateUR3/build/gesture_vision/build/lib/gesture_vision
copying gesture_vision/gesture_recognizer_nocvbridge.py -> /home/caleb/illustrateUR3/build/gesture_vision/build/lib/gesture_vision
copying gesture_vision/webcam_publisher.py -> /home/caleb/illustrateUR3/build/gesture_vision/build/lib/gesture_vision
copying gesture_vision/__init__.py -> /home/caleb/illustrateUR3/build/gesture_vision/build/lib/gesture_vision
copying gesture_vision/gesture_recognizer.py -> /home/caleb/illustrateUR3/build/gesture_vision/build/lib/gesture_vision
running install
running install_lib
creating /home/caleb/illustrateUR3/install/gesture_vision/lib/python3.10/site-packages/gesture_vision
copying /home/caleb/illustrateUR3/build/gesture_vision/build/lib/gesture_vision/gesture_recognizer_nocvbridge.py -> /home/caleb/illustrateUR3/install/gesture_vision/lib/python3.10/site-packages/gesture_vision
copying /home/caleb/illustrateUR3/build/gesture_vision/build/lib/gesture_vision/webcam_publisher.py -> /home/caleb/illustrateUR3/install/gesture_vision/lib/python3.10/site-packages/gesture_vision
copying /home/caleb/illustrateUR3/build/gesture_vision/build/lib/gesture_vision/__init__.py -> /home/caleb/illustrateUR3/install/gesture_vision/lib/python3.10/site-packages/gesture_vision
copying /home/caleb/illustrateUR3/build/gesture_vision/build/lib/gesture_vision/gesture_recognizer.py -> /home/caleb/illustrateUR3/install/gesture_vision/lib/python3.10/site-packages/gesture_vision
byte-compiling /home/caleb/illustrateUR3/install/gesture_vision/lib/python3.10/site-packages/gesture_vision/gesture_recognizer_nocvbridge.py to gesture_recognizer_nocvbridge.cpython-310.pyc
byte-compiling /home/caleb/illustrateUR3/install/gesture_vision/lib/python3.10/site-packages/gesture_vision/webcam_publisher.py to webcam_publisher.cpython-310.pyc
byte-compiling /home/caleb/illustrateUR3/install/gesture_vision/lib/python3.10/site-packages/gesture_vision/__init__.py to __init__.cpython-310.pyc
byte-compiling /home/caleb/illustrateUR3/install/gesture_vision/lib/python3.10/site-packages/gesture_vision/gesture_recognizer.py to gesture_recognizer.cpython-310.pyc
running install_data
creating /home/caleb/illustrateUR3/install/gesture_vision/share/ament_index
creating /home/caleb/illustrateUR3/install/gesture_vision/share/ament_index/resource_index
creating /home/caleb/illustrateUR3/install/gesture_vision/share/ament_index/resource_index/packages
copying resource/gesture_vision -> /home/caleb/illustrateUR3/install/gesture_vision/share/ament_index/resource_index/packages
copying package.xml -> /home/caleb/illustrateUR3/install/gesture_vision/share/gesture_vision
running install_egg_info
Copying ../../build/gesture_vision/gesture_vision.egg-info to /home/caleb/illustrateUR3/install/gesture_vision/lib/python3.10/site-packages/gesture_vision-0.0.0-py3.10.egg-info
running install_scripts
Installing gesture_recognizer script to /home/caleb/illustrateUR3/install/gesture_vision/lib/gesture_vision
Installing gesture_recognizer_nocvbridge script to /home/caleb/illustrateUR3/install/gesture_vision/lib/gesture_vision
Installing webcam_publisher script to /home/caleb/illustrateUR3/install/gesture_vision/lib/gesture_vision
writing list of installed files to '/home/caleb/illustrateUR3/build/gesture_vision/install.log'
