[0.771s] Invoking command in '/home/caleb/illustrateUR3/src/gesture_vision': PYTHONPATH=/home/caleb/illustrateUR3/build/gesture_vision/prefix_override:/usr/lib/python3/dist-packages/colcon_core/task/python/colcon_distutils_commands:/home/caleb/illustrateUR3/install/gesture_vision/lib/python3.10/site-packages:${PYTHONPATH} /usr/bin/python3 -W ignore:setup.py install is deprecated -W ignore:easy_install command is deprecated setup.py egg_info --egg-base ../../build/gesture_vision build --build-base /home/caleb/illustrateUR3/build/gesture_vision/build install --record /home/caleb/illustrateUR3/build/gesture_vision/install.log --single-version-externally-managed install_data
[0.965s] running egg_info
[0.966s] creating ../../build/gesture_vision/gesture_vision.egg-info
[0.966s] writing ../../build/gesture_vision/gesture_vision.egg-info/PKG-INFO
[0.966s] writing dependency_links to ../../build/gesture_vision/gesture_vision.egg-info/dependency_links.txt
[0.966s] writing entry points to ../../build/gesture_vision/gesture_vision.egg-info/entry_points.txt
[0.966s] writing requirements to ../../build/gesture_vision/gesture_vision.egg-info/requires.txt
[0.966s] writing top-level names to ../../build/gesture_vision/gesture_vision.egg-info/top_level.txt
[0.966s] writing manifest file '../../build/gesture_vision/gesture_vision.egg-info/SOURCES.txt'
[0.969s] reading manifest file '../../build/gesture_vision/gesture_vision.egg-info/SOURCES.txt'
[0.969s] writing manifest file '../../build/gesture_vision/gesture_vision.egg-info/SOURCES.txt'
[0.970s] running build
[0.970s] running build_py
[0.970s] creating /home/caleb/illustrateUR3/build/gesture_vision/build
[0.970s] creating /home/caleb/illustrateUR3/build/gesture_vision/build/lib
[0.970s] creating /home/caleb/illustrateUR3/build/gesture_vision/build/lib/gesture_vision
[0.970s] copying gesture_vision/gesture_recognizer_nocvbridge.py -> /home/caleb/illustrateUR3/build/gesture_vision/build/lib/gesture_vision
[0.970s] copying gesture_vision/webcam_publisher.py -> /home/caleb/illustrateUR3/build/gesture_vision/build/lib/gesture_vision
[0.971s] copying gesture_vision/__init__.py -> /home/caleb/illustrateUR3/build/gesture_vision/build/lib/gesture_vision
[0.971s] copying gesture_vision/gesture_recognizer.py -> /home/caleb/illustrateUR3/build/gesture_vision/build/lib/gesture_vision
[0.971s] running install
[0.971s] running install_lib
[0.972s] creating /home/caleb/illustrateUR3/install/gesture_vision/lib/python3.10/site-packages/gesture_vision
[0.972s] copying /home/caleb/illustrateUR3/build/gesture_vision/build/lib/gesture_vision/gesture_recognizer_nocvbridge.py -> /home/caleb/illustrateUR3/install/gesture_vision/lib/python3.10/site-packages/gesture_vision
[0.972s] copying /home/caleb/illustrateUR3/build/gesture_vision/build/lib/gesture_vision/webcam_publisher.py -> /home/caleb/illustrateUR3/install/gesture_vision/lib/python3.10/site-packages/gesture_vision
[0.972s] copying /home/caleb/illustrateUR3/build/gesture_vision/build/lib/gesture_vision/__init__.py -> /home/caleb/illustrateUR3/install/gesture_vision/lib/python3.10/site-packages/gesture_vision
[0.972s] copying /home/caleb/illustrateUR3/build/gesture_vision/build/lib/gesture_vision/gesture_recognizer.py -> /home/caleb/illustrateUR3/install/gesture_vision/lib/python3.10/site-packages/gesture_vision
[0.972s] byte-compiling /home/caleb/illustrateUR3/install/gesture_vision/lib/python3.10/site-packages/gesture_vision/gesture_recognizer_nocvbridge.py to gesture_recognizer_nocvbridge.cpython-310.pyc
[0.974s] byte-compiling /home/caleb/illustrateUR3/install/gesture_vision/lib/python3.10/site-packages/gesture_vision/webcam_publisher.py to webcam_publisher.cpython-310.pyc
[0.974s] byte-compiling /home/caleb/illustrateUR3/install/gesture_vision/lib/python3.10/site-packages/gesture_vision/__init__.py to __init__.cpython-310.pyc
[0.974s] byte-compiling /home/caleb/illustrateUR3/install/gesture_vision/lib/python3.10/site-packages/gesture_vision/gesture_recognizer.py to gesture_recognizer.cpython-310.pyc
[0.975s] running install_data
[0.976s] creating /home/caleb/illustrateUR3/install/gesture_vision/share/ament_index
[0.976s] creating /home/caleb/illustrateUR3/install/gesture_vision/share/ament_index/resource_index
[0.976s] creating /home/caleb/illustrateUR3/install/gesture_vision/share/ament_index/resource_index/packages
[0.976s] copying resource/gesture_vision -> /home/caleb/illustrateUR3/install/gesture_vision/share/ament_index/resource_index/packages
[0.976s] copying package.xml -> /home/caleb/illustrateUR3/install/gesture_vision/share/gesture_vision
[0.976s] running install_egg_info
[0.977s] Copying ../../build/gesture_vision/gesture_vision.egg-info to /home/caleb/illustrateUR3/install/gesture_vision/lib/python3.10/site-packages/gesture_vision-0.0.0-py3.10.egg-info
[0.978s] running install_scripts
[0.996s] Installing gesture_recognizer script to /home/caleb/illustrateUR3/install/gesture_vision/lib/gesture_vision
[0.996s] Installing gesture_recognizer_nocvbridge script to /home/caleb/illustrateUR3/install/gesture_vision/lib/gesture_vision
[0.996s] Installing webcam_publisher script to /home/caleb/illustrateUR3/install/gesture_vision/lib/gesture_vision
[0.996s] writing list of installed files to '/home/caleb/illustrateUR3/build/gesture_vision/install.log'
[1.033s] Invoked command in '/home/caleb/illustrateUR3/src/gesture_vision' returned '0': PYTHONPATH=/home/caleb/illustrateUR3/build/gesture_vision/prefix_override:/usr/lib/python3/dist-packages/colcon_core/task/python/colcon_distutils_commands:/home/caleb/illustrateUR3/install/gesture_vision/lib/python3.10/site-packages:${PYTHONPATH} /usr/bin/python3 -W ignore:setup.py install is deprecated -W ignore:easy_install command is deprecated setup.py egg_info --egg-base ../../build/gesture_vision build --build-base /home/caleb/illustrateUR3/build/gesture_vision/build install --record /home/caleb/illustrateUR3/build/gesture_vision/install.log --single-version-externally-managed install_data
