running egg_info
writing ../../build/illustrateur3_gui/illustrateur3_gui.egg-info/PKG-INFO
writing dependency_links to ../../build/illustrateur3_gui/illustrateur3_gui.egg-info/dependency_links.txt
writing entry points to ../../build/illustrateur3_gui/illustrateur3_gui.egg-info/entry_points.txt
writing requirements to ../../build/illustrateur3_gui/illustrateur3_gui.egg-info/requires.txt
writing top-level names to ../../build/illustrateur3_gui/illustrateur3_gui.egg-info/top_level.txt
reading manifest file '../../build/illustrateur3_gui/illustrateur3_gui.egg-info/SOURCES.txt'
writing manifest file '../../build/illustrateur3_gui/illustrateur3_gui.egg-info/SOURCES.txt'
running build
running build_py
copying illustrateur3_gui/gui_app.py -> /home/caleb/illustrateUR3/build/illustrateur3_gui/build/lib/illustrateur3_gui
running install
running install_lib
copying /home/caleb/illustrateUR3/build/illustrateur3_gui/build/lib/illustrateur3_gui/gui_app.py -> /home/caleb/illustrateUR3/install/illustrateur3_gui/lib/python3.10/site-packages/illustrateur3_gui
byte-compiling /home/caleb/illustrateUR3/install/illustrateur3_gui/lib/python3.10/site-packages/illustrateur3_gui/gui_app.py to gui_app.cpython-310.pyc
running install_data
running install_egg_info
removing '/home/caleb/illustrateUR3/install/illustrateur3_gui/lib/python3.10/site-packages/illustrateur3_gui-0.0.0-py3.10.egg-info' (and everything under it)
Copying ../../build/illustrateur3_gui/illustrateur3_gui.egg-info to /home/caleb/illustrateUR3/install/illustrateur3_gui/lib/python3.10/site-packages/illustrateur3_gui-0.0.0-py3.10.egg-info
running install_scripts
Installing gui_main script to /home/caleb/illustrateUR3/install/illustrateur3_gui/lib/illustrateur3_gui
writing list of installed files to '/home/caleb/illustrateUR3/build/illustrateur3_gui/install.log'
