[0.492s] Invoking command in '/home/caleb/illustrateUR3/src/illustrateur3_gui': PYTHONPATH=/home/caleb/illustrateUR3/build/illustrateur3_gui/prefix_override:/usr/lib/python3/dist-packages/colcon_core/task/python/colcon_distutils_commands:/home/caleb/illustrateUR3/install/illustrateur3_gui/lib/python3.10/site-packages:${PYTHONPATH} /usr/bin/python3 -W ignore:setup.py install is deprecated -W ignore:easy_install command is deprecated setup.py egg_info --egg-base ../../build/illustrateur3_gui build --build-base /home/caleb/illustrateUR3/build/illustrateur3_gui/build install --record /home/caleb/illustrateUR3/build/illustrateur3_gui/install.log --single-version-externally-managed install_data
[0.685s] running egg_info
[0.685s] writing ../../build/illustrateur3_gui/illustrateur3_gui.egg-info/PKG-INFO
[0.685s] writing dependency_links to ../../build/illustrateur3_gui/illustrateur3_gui.egg-info/dependency_links.txt
[0.685s] writing entry points to ../../build/illustrateur3_gui/illustrateur3_gui.egg-info/entry_points.txt
[0.686s] writing requirements to ../../build/illustrateur3_gui/illustrateur3_gui.egg-info/requires.txt
[0.686s] writing top-level names to ../../build/illustrateur3_gui/illustrateur3_gui.egg-info/top_level.txt
[0.687s] reading manifest file '../../build/illustrateur3_gui/illustrateur3_gui.egg-info/SOURCES.txt'
[0.687s] writing manifest file '../../build/illustrateur3_gui/illustrateur3_gui.egg-info/SOURCES.txt'
[0.687s] running build
[0.688s] running build_py
[0.688s] copying illustrateur3_gui/gui_app.py -> /home/caleb/illustrateUR3/build/illustrateur3_gui/build/lib/illustrateur3_gui
[0.688s] running install
[0.688s] running install_lib
[0.689s] copying /home/caleb/illustrateUR3/build/illustrateur3_gui/build/lib/illustrateur3_gui/gui_app.py -> /home/caleb/illustrateUR3/install/illustrateur3_gui/lib/python3.10/site-packages/illustrateur3_gui
[0.689s] byte-compiling /home/caleb/illustrateUR3/install/illustrateur3_gui/lib/python3.10/site-packages/illustrateur3_gui/gui_app.py to gui_app.cpython-310.pyc
[0.691s] running install_data
[0.691s] running install_egg_info
[0.692s] removing '/home/caleb/illustrateUR3/install/illustrateur3_gui/lib/python3.10/site-packages/illustrateur3_gui-0.0.0-py3.10.egg-info' (and everything under it)
[0.693s] Copying ../../build/illustrateur3_gui/illustrateur3_gui.egg-info to /home/caleb/illustrateUR3/install/illustrateur3_gui/lib/python3.10/site-packages/illustrateur3_gui-0.0.0-py3.10.egg-info
[0.693s] running install_scripts
[0.710s] Installing gui_main script to /home/caleb/illustrateUR3/install/illustrateur3_gui/lib/illustrateur3_gui
[0.710s] writing list of installed files to '/home/caleb/illustrateUR3/build/illustrateur3_gui/install.log'
[0.729s] Invoked command in '/home/caleb/illustrateUR3/src/illustrateur3_gui' returned '0': PYTHONPATH=/home/caleb/illustrateUR3/build/illustrateur3_gui/prefix_override:/usr/lib/python3/dist-packages/colcon_core/task/python/colcon_distutils_commands:/home/caleb/illustrateUR3/install/illustrateur3_gui/lib/python3.10/site-packages:${PYTHONPATH} /usr/bin/python3 -W ignore:setup.py install is deprecated -W ignore:easy_install command is deprecated setup.py egg_info --egg-base ../../build/illustrateur3_gui build --build-base /home/caleb/illustrateUR3/build/illustrateur3_gui/build install --record /home/caleb/illustrateUR3/build/illustrateur3_gui/install.log --single-version-externally-managed install_data
