running develop
running egg_info
creating gesture_vision.egg-info
writing gesture_vision.egg-info/PKG-INFO
writing dependency_links to gesture_vision.egg-info/dependency_links.txt
writing entry points to gesture_vision.egg-info/entry_points.txt
writing requirements to gesture_vision.egg-info/requires.txt
writing top-level names to gesture_vision.egg-info/top_level.txt
writing manifest file 'gesture_vision.egg-info/SOURCES.txt'
reading manifest file 'gesture_vision.egg-info/SOURCES.txt'
writing manifest file 'gesture_vision.egg-info/SOURCES.txt'
running build_ext
Creating /home/caleb/ros2_ws/install/gesture_vision/lib/python3.10/site-packages/gesture-vision.egg-link (link to .)
Installing gesture_recognizer script to /home/caleb/ros2_ws/install/gesture_vision/lib/gesture_vision
Installing gesture_recognizer_nocvbridge script to /home/caleb/ros2_ws/install/gesture_vision/lib/gesture_vision
Installing webcam_publisher script to /home/caleb/ros2_ws/install/gesture_vision/lib/gesture_vision

Installed /home/caleb/ros2_ws/build/gesture_vision
running symlink_data
creating /home/caleb/ros2_ws/install/gesture_vision/share/ament_index
creating /home/caleb/ros2_ws/install/gesture_vision/share/ament_index/resource_index
creating /home/caleb/ros2_ws/install/gesture_vision/share/ament_index/resource_index/packages
symbolically linking /home/caleb/ros2_ws/build/gesture_vision/resource/gesture_vision -> /home/caleb/ros2_ws/install/gesture_vision/share/ament_index/resource_index/packages
symbolically linking /home/caleb/ros2_ws/build/gesture_vision/package.xml -> /home/caleb/ros2_ws/install/gesture_vision/share/gesture_vision
