[0.487s] Invoking command in '/home/caleb/ros2_ws/build/gesture_vision': PYTHONPATH=/home/caleb/ros2_ws/build/gesture_vision/prefix_override:/usr/lib/python3/dist-packages/colcon_core/task/python/colcon_distutils_commands:/home/caleb/ros2_ws/install/gesture_vision/lib/python3.10/site-packages:${PYTHONPATH} /usr/bin/python3 -W ignore:setup.py install is deprecated -W ignore:easy_install command is deprecated setup.py develop --editable --build-directory /home/caleb/ros2_ws/build/gesture_vision/build --no-deps symlink_data
[0.701s] running develop
[0.828s] running egg_info
[0.828s] creating gesture_vision.egg-info
[0.828s] writing gesture_vision.egg-info/PKG-INFO
[0.828s] writing dependency_links to gesture_vision.egg-info/dependency_links.txt
[0.828s] writing entry points to gesture_vision.egg-info/entry_points.txt
[0.829s] writing requirements to gesture_vision.egg-info/requires.txt
[0.829s] writing top-level names to gesture_vision.egg-info/top_level.txt
[0.829s] writing manifest file 'gesture_vision.egg-info/SOURCES.txt'
[0.830s] reading manifest file 'gesture_vision.egg-info/SOURCES.txt'
[0.831s] writing manifest file 'gesture_vision.egg-info/SOURCES.txt'
[0.832s] running build_ext
[0.832s] Creating /home/caleb/ros2_ws/install/gesture_vision/lib/python3.10/site-packages/gesture-vision.egg-link (link to .)
[0.833s] Installing gesture_recognizer script to /home/caleb/ros2_ws/install/gesture_vision/lib/gesture_vision
[0.833s] Installing gesture_recognizer_nocvbridge script to /home/caleb/ros2_ws/install/gesture_vision/lib/gesture_vision
[0.833s] Installing webcam_publisher script to /home/caleb/ros2_ws/install/gesture_vision/lib/gesture_vision
[0.833s] 
[0.833s] Installed /home/caleb/ros2_ws/build/gesture_vision
[0.833s] running symlink_data
[0.833s] creating /home/caleb/ros2_ws/install/gesture_vision/share/ament_index
[0.834s] creating /home/caleb/ros2_ws/install/gesture_vision/share/ament_index/resource_index
[0.834s] creating /home/caleb/ros2_ws/install/gesture_vision/share/ament_index/resource_index/packages
[0.834s] symbolically linking /home/caleb/ros2_ws/build/gesture_vision/resource/gesture_vision -> /home/caleb/ros2_ws/install/gesture_vision/share/ament_index/resource_index/packages
[0.834s] symbolically linking /home/caleb/ros2_ws/build/gesture_vision/package.xml -> /home/caleb/ros2_ws/install/gesture_vision/share/gesture_vision
[0.858s] Invoked command in '/home/caleb/ros2_ws/build/gesture_vision' returned '0': PYTHONPATH=/home/caleb/ros2_ws/build/gesture_vision/prefix_override:/usr/lib/python3/dist-packages/colcon_core/task/python/colcon_distutils_commands:/home/caleb/ros2_ws/install/gesture_vision/lib/python3.10/site-packages:${PYTHONPATH} /usr/bin/python3 -W ignore:setup.py install is deprecated -W ignore:easy_install command is deprecated setup.py develop --editable --build-directory /home/caleb/ros2_ws/build/gesture_vision/build --no-deps symlink_data
