[0.374s] DEBUG:colcon:Command line arguments: ['/usr/bin/colcon', 'build', '--symlink-install']
[0.374s] DEBUG:colcon:Parsed command line arguments: Namespace(log_base=None, log_level=None, verb_name='build', build_base='build', install_base='install', merge_install=False, symlink_install=True, test_result_base=None, continue_on_error=False, executor='parallel', parallel_workers=8, event_handlers=None, ignore_user_meta=False, metas=['./colcon.meta'], base_paths=['.'], packages_ignore=None, packages_ignore_regex=None, paths=None, packages_up_to=None, packages_up_to_regex=None, packages_above=None, packages_above_and_dependencies=None, packages_above_depth=None, packages_select_by_dep=None, packages_skip_by_dep=None, packages_skip_up_to=None, packages_select_build_failed=False, packages_skip_build_finished=False, packages_select_test_failures=False, packages_skip_test_passed=False, packages_select=None, packages_skip=None, packages_select_regex=None, packages_skip_regex=None, packages_start=None, packages_end=None, allow_overriding=[], cmake_args=None, cmake_target=None, cmake_target_skip_unavailable=False, cmake_clean_cache=False, cmake_clean_first=False, cmake_force_configure=False, ament_cmake_args=None, catkin_cmake_args=None, catkin_skip_building_tests=False, verb_parser=<colcon_defaults.argument_parser.defaults.DefaultArgumentsDecorator object at 0x76dca350f730>, verb_extension=<colcon_core.verb.build.BuildVerb object at 0x76dca3670b50>, main=<bound method BuildVerb.main of <colcon_core.verb.build.BuildVerb object at 0x76dca3670b50>>)
[0.898s] Level 1:colcon.colcon_core.package_discovery:discover_packages(colcon_meta) check parameters
[0.898s] Level 1:colcon.colcon_core.package_discovery:discover_packages(recursive) check parameters
[0.898s] Level 1:colcon.colcon_core.package_discovery:discover_packages(ignore) check parameters
[0.898s] Level 1:colcon.colcon_core.package_discovery:discover_packages(path) check parameters
[0.898s] Level 1:colcon.colcon_core.package_discovery:discover_packages(colcon_meta) discover
[0.898s] Level 1:colcon.colcon_core.package_discovery:discover_packages(recursive) discover
[0.898s] INFO:colcon.colcon_core.package_discovery:Crawling recursively for packages in '/home/caleb/ros2_ws'
[0.899s] Level 1:colcon.colcon_core.package_identification:_identify(.) by extensions ['ignore', 'ignore_ament_install']
[0.899s] Level 1:colcon.colcon_core.package_identification:_identify(.) by extension 'ignore'
[0.899s] Level 1:colcon.colcon_core.package_identification:_identify(.) by extension 'ignore_ament_install'
[0.899s] Level 1:colcon.colcon_core.package_identification:_identify(.) by extensions ['colcon_pkg']
[0.899s] Level 1:colcon.colcon_core.package_identification:_identify(.) by extension 'colcon_pkg'
[0.900s] Level 1:colcon.colcon_core.package_identification:_identify(.) by extensions ['colcon_meta']
[0.900s] Level 1:colcon.colcon_core.package_identification:_identify(.) by extension 'colcon_meta'
[0.900s] Level 1:colcon.colcon_core.package_identification:_identify(.) by extensions ['ros']
[0.900s] Level 1:colcon.colcon_core.package_identification:_identify(.) by extension 'ros'
[0.931s] Level 1:colcon.colcon_core.package_identification:_identify(.) by extensions ['cmake', 'python']
[0.931s] Level 1:colcon.colcon_core.package_identification:_identify(.) by extension 'cmake'
[0.932s] Level 1:colcon.colcon_core.package_identification:_identify(.) by extension 'python'
[0.932s] Level 1:colcon.colcon_core.package_identification:_identify(.) by extensions ['python_setup_py']
[0.932s] Level 1:colcon.colcon_core.package_identification:_identify(.) by extension 'python_setup_py'
[0.932s] Level 1:colcon.colcon_core.package_identification:_identify(build) by extensions ['ignore', 'ignore_ament_install']
[0.932s] Level 1:colcon.colcon_core.package_identification:_identify(build) by extension 'ignore'
[0.933s] Level 1:colcon.colcon_core.package_identification:_identify(build) ignored
[0.933s] Level 1:colcon.colcon_core.package_identification:_identify(install) by extensions ['ignore', 'ignore_ament_install']
[0.933s] Level 1:colcon.colcon_core.package_identification:_identify(install) by extension 'ignore'
[0.933s] Level 1:colcon.colcon_core.package_identification:_identify(install) ignored
[0.934s] Level 1:colcon.colcon_core.package_identification:_identify(log) by extensions ['ignore', 'ignore_ament_install']
[0.934s] Level 1:colcon.colcon_core.package_identification:_identify(log) by extension 'ignore'
[0.934s] Level 1:colcon.colcon_core.package_identification:_identify(log) ignored
[0.934s] Level 1:colcon.colcon_core.package_identification:_identify(src) by extensions ['ignore', 'ignore_ament_install']
[0.934s] Level 1:colcon.colcon_core.package_identification:_identify(src) by extension 'ignore'
[0.935s] Level 1:colcon.colcon_core.package_identification:_identify(src) by extension 'ignore_ament_install'
[0.935s] Level 1:colcon.colcon_core.package_identification:_identify(src) by extensions ['colcon_pkg']
[0.935s] Level 1:colcon.colcon_core.package_identification:_identify(src) by extension 'colcon_pkg'
[0.935s] Level 1:colcon.colcon_core.package_identification:_identify(src) by extensions ['colcon_meta']
[0.935s] Level 1:colcon.colcon_core.package_identification:_identify(src) by extension 'colcon_meta'
[0.935s] Level 1:colcon.colcon_core.package_identification:_identify(src) by extensions ['ros']
[0.935s] Level 1:colcon.colcon_core.package_identification:_identify(src) by extension 'ros'
[0.936s] Level 1:colcon.colcon_core.package_identification:_identify(src) by extensions ['cmake', 'python']
[0.936s] Level 1:colcon.colcon_core.package_identification:_identify(src) by extension 'cmake'
[0.936s] Level 1:colcon.colcon_core.package_identification:_identify(src) by extension 'python'
[0.936s] Level 1:colcon.colcon_core.package_identification:_identify(src) by extensions ['python_setup_py']
[0.936s] Level 1:colcon.colcon_core.package_identification:_identify(src) by extension 'python_setup_py'
[0.936s] Level 1:colcon.colcon_core.package_identification:_identify(src/gesture_vision) by extensions ['ignore', 'ignore_ament_install']
[0.937s] Level 1:colcon.colcon_core.package_identification:_identify(src/gesture_vision) by extension 'ignore'
[0.937s] Level 1:colcon.colcon_core.package_identification:_identify(src/gesture_vision) by extension 'ignore_ament_install'
[0.937s] Level 1:colcon.colcon_core.package_identification:_identify(src/gesture_vision) by extensions ['colcon_pkg']
[0.937s] Level 1:colcon.colcon_core.package_identification:_identify(src/gesture_vision) by extension 'colcon_pkg'
[0.937s] Level 1:colcon.colcon_core.package_identification:_identify(src/gesture_vision) by extensions ['colcon_meta']
[0.937s] Level 1:colcon.colcon_core.package_identification:_identify(src/gesture_vision) by extension 'colcon_meta'
[0.937s] Level 1:colcon.colcon_core.package_identification:_identify(src/gesture_vision) by extensions ['ros']
[0.937s] Level 1:colcon.colcon_core.package_identification:_identify(src/gesture_vision) by extension 'ros'
[0.945s] DEBUG:colcon.colcon_core.package_identification:Package 'src/gesture_vision' with type 'ros.ament_python' and name 'gesture_vision'
[0.945s] Level 1:colcon.colcon_core.package_discovery:discover_packages(recursive) using defaults
[0.945s] Level 1:colcon.colcon_core.package_discovery:discover_packages(ignore) discover
[0.946s] Level 1:colcon.colcon_core.package_discovery:discover_packages(ignore) using defaults
[0.946s] Level 1:colcon.colcon_core.package_discovery:discover_packages(path) discover
[0.946s] Level 1:colcon.colcon_core.package_discovery:discover_packages(path) using defaults
[1.007s] Level 1:colcon.colcon_core.package_discovery:discover_packages(prefix_path) check parameters
[1.007s] Level 1:colcon.colcon_core.package_discovery:discover_packages(prefix_path) discover
[1.011s] DEBUG:colcon.colcon_installed_package_information.package_discovery:Found 1 installed packages in /home/caleb/ros2_ws/install
[1.015s] DEBUG:colcon.colcon_installed_package_information.package_discovery:Found 272 installed packages in /opt/ros/humble
[1.041s] Level 1:colcon.colcon_core.package_discovery:discover_packages(prefix_path) using defaults
[1.162s] Level 5:colcon.colcon_core.verb:set package 'gesture_vision' build argument 'cmake_args' from command line to 'None'
[1.162s] Level 5:colcon.colcon_core.verb:set package 'gesture_vision' build argument 'cmake_target' from command line to 'None'
[1.162s] Level 5:colcon.colcon_core.verb:set package 'gesture_vision' build argument 'cmake_target_skip_unavailable' from command line to 'False'
[1.162s] Level 5:colcon.colcon_core.verb:set package 'gesture_vision' build argument 'cmake_clean_cache' from command line to 'False'
[1.162s] Level 5:colcon.colcon_core.verb:set package 'gesture_vision' build argument 'cmake_clean_first' from command line to 'False'
[1.162s] Level 5:colcon.colcon_core.verb:set package 'gesture_vision' build argument 'cmake_force_configure' from command line to 'False'
[1.162s] Level 5:colcon.colcon_core.verb:set package 'gesture_vision' build argument 'ament_cmake_args' from command line to 'None'
[1.163s] Level 5:colcon.colcon_core.verb:set package 'gesture_vision' build argument 'catkin_cmake_args' from command line to 'None'
[1.163s] Level 5:colcon.colcon_core.verb:set package 'gesture_vision' build argument 'catkin_skip_building_tests' from command line to 'False'
[1.163s] DEBUG:colcon.colcon_core.verb:Building package 'gesture_vision' with the following arguments: {'ament_cmake_args': None, 'build_base': '/home/caleb/ros2_ws/build/gesture_vision', 'catkin_cmake_args': None, 'catkin_skip_building_tests': False, 'cmake_args': None, 'cmake_clean_cache': False, 'cmake_clean_first': False, 'cmake_force_configure': False, 'cmake_target': None, 'cmake_target_skip_unavailable': False, 'install_base': '/home/caleb/ros2_ws/install/gesture_vision', 'merge_install': False, 'path': '/home/caleb/ros2_ws/src/gesture_vision', 'symlink_install': True, 'test_result_base': None}
[1.163s] INFO:colcon.colcon_core.executor:Executing jobs using 'parallel' executor
[1.165s] DEBUG:colcon.colcon_parallel_executor.executor.parallel:run_until_complete
[1.166s] INFO:colcon.colcon_ros.task.ament_python.build:Building ROS package in '/home/caleb/ros2_ws/src/gesture_vision' with build type 'ament_python'
[1.166s] Level 1:colcon.colcon_core.shell:create_environment_hook('gesture_vision', 'ament_prefix_path')
[1.172s] INFO:colcon.colcon_core.plugin_system:Skipping extension 'colcon_core.shell.bat': Not used on non-Windows systems
[1.173s] INFO:colcon.colcon_core.shell:Creating environment hook '/home/caleb/ros2_ws/install/gesture_vision/share/gesture_vision/hook/ament_prefix_path.ps1'
[1.174s] INFO:colcon.colcon_core.shell:Creating environment descriptor '/home/caleb/ros2_ws/install/gesture_vision/share/gesture_vision/hook/ament_prefix_path.dsv'
[1.176s] INFO:colcon.colcon_core.shell:Creating environment hook '/home/caleb/ros2_ws/install/gesture_vision/share/gesture_vision/hook/ament_prefix_path.sh'
[1.178s] INFO:colcon.colcon_core.shell:Skip shell extension 'powershell' for command environment: Not usable outside of PowerShell
[1.178s] DEBUG:colcon.colcon_core.shell:Skip shell extension 'dsv' for command environment
[2.001s] INFO:colcon.colcon_core.task.python.build:Building Python package in '/home/caleb/ros2_ws/src/gesture_vision'
[2.002s] INFO:colcon.colcon_core.shell:Skip shell extension 'powershell' for command environment: Not usable outside of PowerShell
[2.002s] DEBUG:colcon.colcon_core.shell:Skip shell extension 'dsv' for command environment
[3.223s] DEBUG:colcon.colcon_core.event_handler.log_command:Invoking command in '/home/caleb/ros2_ws/build/gesture_vision': PYTHONPATH=/home/caleb/ros2_ws/build/gesture_vision/prefix_override:/usr/lib/python3/dist-packages/colcon_core/task/python/colcon_distutils_commands:/home/caleb/ros2_ws/install/gesture_vision/lib/python3.10/site-packages:${PYTHONPATH} /usr/bin/python3 -W ignore:setup.py install is deprecated -W ignore:easy_install command is deprecated setup.py develop --editable --build-directory /home/caleb/ros2_ws/build/gesture_vision/build --no-deps symlink_data
[4.969s] Level 1:colcon.colcon_core.shell:create_environment_hook('gesture_vision', 'pythonpath_develop')
[4.971s] INFO:colcon.colcon_core.shell:Creating environment hook '/home/caleb/ros2_ws/build/gesture_vision/share/gesture_vision/hook/pythonpath_develop.ps1'
[4.972s] DEBUG:colcon.colcon_core.event_handler.log_command:Invoked command in '/home/caleb/ros2_ws/build/gesture_vision' returned '0': PYTHONPATH=/home/caleb/ros2_ws/build/gesture_vision/prefix_override:/usr/lib/python3/dist-packages/colcon_core/task/python/colcon_distutils_commands:/home/caleb/ros2_ws/install/gesture_vision/lib/python3.10/site-packages:${PYTHONPATH} /usr/bin/python3 -W ignore:setup.py install is deprecated -W ignore:easy_install command is deprecated setup.py develop --editable --build-directory /home/caleb/ros2_ws/build/gesture_vision/build --no-deps symlink_data
[4.974s] INFO:colcon.colcon_core.shell:Creating environment descriptor '/home/caleb/ros2_ws/build/gesture_vision/share/gesture_vision/hook/pythonpath_develop.dsv'
[4.975s] INFO:colcon.colcon_core.shell:Creating environment hook '/home/caleb/ros2_ws/build/gesture_vision/share/gesture_vision/hook/pythonpath_develop.sh'
[4.986s] Level 1:colcon.colcon_core.environment:checking '/home/caleb/ros2_ws/install/gesture_vision' for CMake module files
[4.988s] Level 1:colcon.colcon_core.environment:checking '/home/caleb/ros2_ws/install/gesture_vision' for CMake config files
[4.990s] Level 1:colcon.colcon_core.environment:checking '/home/caleb/ros2_ws/install/gesture_vision/lib'
[4.991s] Level 1:colcon.colcon_core.environment:checking '/home/caleb/ros2_ws/install/gesture_vision/bin'
[4.991s] Level 1:colcon.colcon_core.environment:checking '/home/caleb/ros2_ws/install/gesture_vision/lib/pkgconfig/gesture_vision.pc'
[4.992s] Level 1:colcon.colcon_core.environment:checking '/home/caleb/ros2_ws/install/gesture_vision/lib/python3.10/site-packages'
[4.993s] Level 1:colcon.colcon_core.shell:create_environment_hook('gesture_vision', 'pythonpath')
[4.993s] INFO:colcon.colcon_core.shell:Creating environment hook '/home/caleb/ros2_ws/install/gesture_vision/share/gesture_vision/hook/pythonpath.ps1'
[4.995s] INFO:colcon.colcon_core.shell:Creating environment descriptor '/home/caleb/ros2_ws/install/gesture_vision/share/gesture_vision/hook/pythonpath.dsv'
[4.996s] INFO:colcon.colcon_core.shell:Creating environment hook '/home/caleb/ros2_ws/install/gesture_vision/share/gesture_vision/hook/pythonpath.sh'
[4.999s] Level 1:colcon.colcon_core.environment:checking '/home/caleb/ros2_ws/install/gesture_vision/bin'
[5.000s] Level 1:colcon.colcon_core.environment:create_environment_scripts_only(gesture_vision)
[5.001s] INFO:colcon.colcon_core.shell:Creating package script '/home/caleb/ros2_ws/install/gesture_vision/share/gesture_vision/package.ps1'
[5.005s] INFO:colcon.colcon_core.shell:Creating package descriptor '/home/caleb/ros2_ws/install/gesture_vision/share/gesture_vision/package.dsv'
[5.007s] INFO:colcon.colcon_core.shell:Creating package script '/home/caleb/ros2_ws/install/gesture_vision/share/gesture_vision/package.sh'
[5.011s] INFO:colcon.colcon_core.shell:Creating package script '/home/caleb/ros2_ws/install/gesture_vision/share/gesture_vision/package.bash'
[5.014s] INFO:colcon.colcon_core.shell:Creating package script '/home/caleb/ros2_ws/install/gesture_vision/share/gesture_vision/package.zsh'
[5.017s] Level 1:colcon.colcon_core.environment:create_file_with_runtime_dependencies(/home/caleb/ros2_ws/install/gesture_vision/share/colcon-core/packages/gesture_vision)
[5.018s] DEBUG:colcon.colcon_parallel_executor.executor.parallel:closing loop
[5.019s] DEBUG:colcon.colcon_parallel_executor.executor.parallel:loop closed
[5.019s] DEBUG:colcon.colcon_parallel_executor.executor.parallel:run_until_complete finished with '0'
[5.020s] DEBUG:colcon.colcon_core.event_reactor:joining thread
[5.039s] INFO:colcon.colcon_core.plugin_system:Skipping extension 'colcon_notification.desktop_notification.terminal_notifier': Not used on non-Darwin systems
[5.040s] INFO:colcon.colcon_core.plugin_system:Skipping extension 'colcon_notification.desktop_notification.win32': Not used on non-Windows systems
[5.040s] INFO:colcon.colcon_notification.desktop_notification:Sending desktop notification using 'notify2'
[5.085s] DEBUG:colcon.colcon_core.event_reactor:joined thread
[5.086s] INFO:colcon.colcon_core.shell:Creating prefix script '/home/caleb/ros2_ws/install/local_setup.ps1'
[5.090s] INFO:colcon.colcon_core.shell:Creating prefix util module '/home/caleb/ros2_ws/install/_local_setup_util_ps1.py'
[5.097s] INFO:colcon.colcon_core.shell:Creating prefix chain script '/home/caleb/ros2_ws/install/setup.ps1'
[5.103s] INFO:colcon.colcon_core.shell:Creating prefix script '/home/caleb/ros2_ws/install/local_setup.sh'
[5.105s] INFO:colcon.colcon_core.shell:Creating prefix util module '/home/caleb/ros2_ws/install/_local_setup_util_sh.py'
[5.108s] INFO:colcon.colcon_core.shell:Creating prefix chain script '/home/caleb/ros2_ws/install/setup.sh'
[5.112s] INFO:colcon.colcon_core.shell:Creating prefix script '/home/caleb/ros2_ws/install/local_setup.bash'
[5.114s] INFO:colcon.colcon_core.shell:Creating prefix chain script '/home/caleb/ros2_ws/install/setup.bash'
[5.118s] INFO:colcon.colcon_core.shell:Creating prefix script '/home/caleb/ros2_ws/install/local_setup.zsh'
[5.120s] INFO:colcon.colcon_core.shell:Creating prefix chain script '/home/caleb/ros2_ws/install/setup.zsh'
