[0.948s] Invoking command in '/home/caleb/illustrateUR3/src/illustrateur3_gui': PYTHONPATH=/home/caleb/illustrateUR3/src/build/illustrateur3_gui/prefix_override:/usr/lib/python3/dist-packages/colcon_core/task/python/colcon_distutils_commands:/home/caleb/illustrateUR3/src/install/illustrateur3_gui/lib/python3.10/site-packages:${PYTHONPATH} /usr/bin/python3 -W ignore:setup.py install is deprecated -W ignore:easy_install command is deprecated setup.py egg_info --egg-base ../build/illustrateur3_gui build --build-base /home/caleb/illustrateUR3/src/build/illustrateur3_gui/build install --record /home/caleb/illustrateUR3/src/build/illustrateur3_gui/install.log --single-version-externally-managed install_data
[1.154s] running egg_info
[1.155s] writing ../build/illustrateur3_gui/illustrateur3_gui.egg-info/PKG-INFO
[1.155s] writing dependency_links to ../build/illustrateur3_gui/illustrateur3_gui.egg-info/dependency_links.txt
[1.155s] writing entry points to ../build/illustrateur3_gui/illustrateur3_gui.egg-info/entry_points.txt
[1.155s] writing requirements to ../build/illustrateur3_gui/illustrateur3_gui.egg-info/requires.txt
[1.155s] writing top-level names to ../build/illustrateur3_gui/illustrateur3_gui.egg-info/top_level.txt
[1.157s] reading manifest file '../build/illustrateur3_gui/illustrateur3_gui.egg-info/SOURCES.txt'
[1.158s] writing manifest file '../build/illustrateur3_gui/illustrateur3_gui.egg-info/SOURCES.txt'
[1.159s] running build
[1.159s] running build_py
[1.159s] copying illustrateur3_gui/gui_app.py -> /home/caleb/illustrateUR3/src/build/illustrateur3_gui/build/lib/illustrateur3_gui
[1.159s] running install
[1.160s] running install_lib
[1.161s] copying /home/caleb/illustrateUR3/src/build/illustrateur3_gui/build/lib/illustrateur3_gui/gui_app.py -> /home/caleb/illustrateUR3/src/install/illustrateur3_gui/lib/python3.10/site-packages/illustrateur3_gui
[1.161s] byte-compiling /home/caleb/illustrateUR3/src/install/illustrateur3_gui/lib/python3.10/site-packages/illustrateur3_gui/gui_app.py to gui_app.cpython-310.pyc
[1.166s] running install_data
[1.166s] running install_egg_info
[1.168s] removing '/home/caleb/illustrateUR3/src/install/illustrateur3_gui/lib/python3.10/site-packages/illustrateur3_gui-0.0.0-py3.10.egg-info' (and everything under it)
[1.168s] Copying ../build/illustrateur3_gui/illustrateur3_gui.egg-info to /home/caleb/illustrateUR3/src/install/illustrateur3_gui/lib/python3.10/site-packages/illustrateur3_gui-0.0.0-py3.10.egg-info
[1.169s] running install_scripts
[1.191s] Installing gui_main script to /home/caleb/illustrateUR3/src/install/illustrateur3_gui/lib/illustrateur3_gui
[1.192s] writing list of installed files to '/home/caleb/illustrateUR3/src/build/illustrateur3_gui/install.log'
[1.238s] Invoked command in '/home/caleb/illustrateUR3/src/illustrateur3_gui' returned '0': PYTHONPATH=/home/caleb/illustrateUR3/src/build/illustrateur3_gui/prefix_override:/usr/lib/python3/dist-packages/colcon_core/task/python/colcon_distutils_commands:/home/caleb/illustrateUR3/src/install/illustrateur3_gui/lib/python3.10/site-packages:${PYTHONPATH} /usr/bin/python3 -W ignore:setup.py install is deprecated -W ignore:easy_install command is deprecated setup.py egg_info --egg-base ../build/illustrateur3_gui build --build-base /home/caleb/illustrateUR3/src/build/illustrateur3_gui/build install --record /home/caleb/illustrateUR3/src/build/illustrateur3_gui/install.log --single-version-externally-managed install_data
