[0.951s] Invoking command in '/home/caleb/illustrateUR3/src/ur3_motion': PYTHONPATH=/home/caleb/illustrateUR3/src/build/ur3_motion/prefix_override:/usr/lib/python3/dist-packages/colcon_core/task/python/colcon_distutils_commands:/home/caleb/illustrateUR3/src/install/ur3_motion/lib/python3.10/site-packages:${PYTHONPATH} /usr/bin/python3 -W ignore:setup.py install is deprecated -W ignore:easy_install command is deprecated setup.py egg_info --egg-base ../build/ur3_motion build --build-base /home/caleb/illustrateUR3/src/build/ur3_motion/build install --record /home/caleb/illustrateUR3/src/build/ur3_motion/install.log --single-version-externally-managed install_data
[1.157s] running egg_info
[1.158s] writing ../build/ur3_motion/ur3_motion.egg-info/PKG-INFO
[1.158s] writing dependency_links to ../build/ur3_motion/ur3_motion.egg-info/dependency_links.txt
[1.158s] writing entry points to ../build/ur3_motion/ur3_motion.egg-info/entry_points.txt
[1.158s] writing requirements to ../build/ur3_motion/ur3_motion.egg-info/requires.txt
[1.158s] writing top-level names to ../build/ur3_motion/ur3_motion.egg-info/top_level.txt
[1.160s] reading manifest file '../build/ur3_motion/ur3_motion.egg-info/SOURCES.txt'
[1.161s] writing manifest file '../build/ur3_motion/ur3_motion.egg-info/SOURCES.txt'
[1.161s] running build
[1.161s] running build_py
[1.161s] running install
[1.162s] running install_lib
[1.163s] running install_data
[1.163s] running install_egg_info
[1.165s] removing '/home/caleb/illustrateUR3/src/install/ur3_motion/lib/python3.10/site-packages/ur3_motion-0.0.0-py3.10.egg-info' (and everything under it)
[1.165s] Copying ../build/ur3_motion/ur3_motion.egg-info to /home/caleb/illustrateUR3/src/install/ur3_motion/lib/python3.10/site-packages/ur3_motion-0.0.0-py3.10.egg-info
[1.166s] running install_scripts
[1.183s] Installing calibration_node script to /home/caleb/illustrateUR3/src/install/ur3_motion/lib/ur3_motion
[1.183s] Installing motion_node script to /home/caleb/illustrateUR3/src/install/ur3_motion/lib/ur3_motion
[1.184s] writing list of installed files to '/home/caleb/illustrateUR3/src/build/ur3_motion/install.log'
[1.227s] Invoked command in '/home/caleb/illustrateUR3/src/ur3_motion' returned '0': PYTHONPATH=/home/caleb/illustrateUR3/src/build/ur3_motion/prefix_override:/usr/lib/python3/dist-packages/colcon_core/task/python/colcon_distutils_commands:/home/caleb/illustrateUR3/src/install/ur3_motion/lib/python3.10/site-packages:${PYTHONPATH} /usr/bin/python3 -W ignore:setup.py install is deprecated -W ignore:easy_install command is deprecated setup.py egg_info --egg-base ../build/ur3_motion build --build-base /home/caleb/illustrateUR3/src/build/ur3_motion/build install --record /home/caleb/illustrateUR3/src/build/ur3_motion/install.log --single-version-externally-managed install_data
