running egg_info
creating ../build/ur3_motion/ur3_motion.egg-info
writing ../build/ur3_motion/ur3_motion.egg-info/PKG-INFO
writing dependency_links to ../build/ur3_motion/ur3_motion.egg-info/dependency_links.txt
writing entry points to ../build/ur3_motion/ur3_motion.egg-info/entry_points.txt
writing requirements to ../build/ur3_motion/ur3_motion.egg-info/requires.txt
writing top-level names to ../build/ur3_motion/ur3_motion.egg-info/top_level.txt
writing manifest file '../build/ur3_motion/ur3_motion.egg-info/SOURCES.txt'
reading manifest file '../build/ur3_motion/ur3_motion.egg-info/SOURCES.txt'
writing manifest file '../build/ur3_motion/ur3_motion.egg-info/SOURCES.txt'
running build
running build_py
creating /home/caleb/illustrateUR3/src/build/ur3_motion/build
creating /home/caleb/illustrateUR3/src/build/ur3_motion/build/lib
creating /home/caleb/illustrateUR3/src/build/ur3_motion/build/lib/ur3_motion
copying ur3_motion/calibration_node.py -> /home/caleb/illustrateUR3/src/build/ur3_motion/build/lib/ur3_motion
copying ur3_motion/motion_node.py -> /home/caleb/illustrateUR3/src/build/ur3_motion/build/lib/ur3_motion
copying ur3_motion/__init__.py -> /home/caleb/illustrateUR3/src/build/ur3_motion/build/lib/ur3_motion
running install
running install_lib
creating /home/caleb/illustrateUR3/src/install/ur3_motion/lib/python3.10/site-packages/ur3_motion
copying /home/caleb/illustrateUR3/src/build/ur3_motion/build/lib/ur3_motion/calibration_node.py -> /home/caleb/illustrateUR3/src/install/ur3_motion/lib/python3.10/site-packages/ur3_motion
copying /home/caleb/illustrateUR3/src/build/ur3_motion/build/lib/ur3_motion/motion_node.py -> /home/caleb/illustrateUR3/src/install/ur3_motion/lib/python3.10/site-packages/ur3_motion
copying /home/caleb/illustrateUR3/src/build/ur3_motion/build/lib/ur3_motion/__init__.py -> /home/caleb/illustrateUR3/src/install/ur3_motion/lib/python3.10/site-packages/ur3_motion
byte-compiling /home/caleb/illustrateUR3/src/install/ur3_motion/lib/python3.10/site-packages/ur3_motion/calibration_node.py to calibration_node.cpython-310.pyc
byte-compiling /home/caleb/illustrateUR3/src/install/ur3_motion/lib/python3.10/site-packages/ur3_motion/motion_node.py to motion_node.cpython-310.pyc
byte-compiling /home/caleb/illustrateUR3/src/install/ur3_motion/lib/python3.10/site-packages/ur3_motion/__init__.py to __init__.cpython-310.pyc
running install_data
creating /home/caleb/illustrateUR3/src/install/ur3_motion/share/ament_index
creating /home/caleb/illustrateUR3/src/install/ur3_motion/share/ament_index/resource_index
creating /home/caleb/illustrateUR3/src/install/ur3_motion/share/ament_index/resource_index/packages
copying resource/ur3_motion -> /home/caleb/illustrateUR3/src/install/ur3_motion/share/ament_index/resource_index/packages
copying package.xml -> /home/caleb/illustrateUR3/src/install/ur3_motion/share/ur3_motion
running install_egg_info
Copying ../build/ur3_motion/ur3_motion.egg-info to /home/caleb/illustrateUR3/src/install/ur3_motion/lib/python3.10/site-packages/ur3_motion-0.0.0-py3.10.egg-info
running install_scripts
Installing calibration_node script to /home/caleb/illustrateUR3/src/install/ur3_motion/lib/ur3_motion
Installing motion_node script to /home/caleb/illustrateUR3/src/install/ur3_motion/lib/ur3_motion
writing list of installed files to '/home/caleb/illustrateUR3/src/build/ur3_motion/install.log'
