[0.934s] Invoking command in '/home/caleb/illustrateUR3/src/ur3_motion': PYTHONPATH=/home/caleb/illustrateUR3/src/build/ur3_motion/prefix_override:/usr/lib/python3/dist-packages/colcon_core/task/python/colcon_distutils_commands:/home/caleb/illustrateUR3/src/install/ur3_motion/lib/python3.10/site-packages:${PYTHONPATH} /usr/bin/python3 -W ignore:setup.py install is deprecated -W ignore:easy_install command is deprecated setup.py egg_info --egg-base ../build/ur3_motion build --build-base /home/caleb/illustrateUR3/src/build/ur3_motion/build install --record /home/caleb/illustrateUR3/src/build/ur3_motion/install.log --single-version-externally-managed install_data
[1.138s] running egg_info
[1.139s] creating ../build/ur3_motion/ur3_motion.egg-info
[1.139s] writing ../build/ur3_motion/ur3_motion.egg-info/PKG-INFO
[1.139s] writing dependency_links to ../build/ur3_motion/ur3_motion.egg-info/dependency_links.txt
[1.139s] writing entry points to ../build/ur3_motion/ur3_motion.egg-info/entry_points.txt
[1.139s] writing requirements to ../build/ur3_motion/ur3_motion.egg-info/requires.txt
[1.139s] writing top-level names to ../build/ur3_motion/ur3_motion.egg-info/top_level.txt
[1.140s] writing manifest file '../build/ur3_motion/ur3_motion.egg-info/SOURCES.txt'
[1.141s] reading manifest file '../build/ur3_motion/ur3_motion.egg-info/SOURCES.txt'
[1.142s] writing manifest file '../build/ur3_motion/ur3_motion.egg-info/SOURCES.txt'
[1.142s] running build
[1.142s] running build_py
[1.142s] creating /home/caleb/illustrateUR3/src/build/ur3_motion/build
[1.142s] creating /home/caleb/illustrateUR3/src/build/ur3_motion/build/lib
[1.142s] creating /home/caleb/illustrateUR3/src/build/ur3_motion/build/lib/ur3_motion
[1.142s] copying ur3_motion/calibration_node.py -> /home/caleb/illustrateUR3/src/build/ur3_motion/build/lib/ur3_motion
[1.142s] copying ur3_motion/motion_node.py -> /home/caleb/illustrateUR3/src/build/ur3_motion/build/lib/ur3_motion
[1.143s] copying ur3_motion/__init__.py -> /home/caleb/illustrateUR3/src/build/ur3_motion/build/lib/ur3_motion
[1.143s] running install
[1.143s] running install_lib
[1.143s] creating /home/caleb/illustrateUR3/src/install/ur3_motion/lib/python3.10/site-packages/ur3_motion
[1.143s] copying /home/caleb/illustrateUR3/src/build/ur3_motion/build/lib/ur3_motion/calibration_node.py -> /home/caleb/illustrateUR3/src/install/ur3_motion/lib/python3.10/site-packages/ur3_motion
[1.143s] copying /home/caleb/illustrateUR3/src/build/ur3_motion/build/lib/ur3_motion/motion_node.py -> /home/caleb/illustrateUR3/src/install/ur3_motion/lib/python3.10/site-packages/ur3_motion
[1.143s] copying /home/caleb/illustrateUR3/src/build/ur3_motion/build/lib/ur3_motion/__init__.py -> /home/caleb/illustrateUR3/src/install/ur3_motion/lib/python3.10/site-packages/ur3_motion
[1.144s] byte-compiling /home/caleb/illustrateUR3/src/install/ur3_motion/lib/python3.10/site-packages/ur3_motion/calibration_node.py to calibration_node.cpython-310.pyc
[1.144s] byte-compiling /home/caleb/illustrateUR3/src/install/ur3_motion/lib/python3.10/site-packages/ur3_motion/motion_node.py to motion_node.cpython-310.pyc
[1.145s] byte-compiling /home/caleb/illustrateUR3/src/install/ur3_motion/lib/python3.10/site-packages/ur3_motion/__init__.py to __init__.cpython-310.pyc
[1.145s] running install_data
[1.145s] creating /home/caleb/illustrateUR3/src/install/ur3_motion/share/ament_index
[1.145s] creating /home/caleb/illustrateUR3/src/install/ur3_motion/share/ament_index/resource_index
[1.145s] creating /home/caleb/illustrateUR3/src/install/ur3_motion/share/ament_index/resource_index/packages
[1.145s] copying resource/ur3_motion -> /home/caleb/illustrateUR3/src/install/ur3_motion/share/ament_index/resource_index/packages
[1.145s] copying package.xml -> /home/caleb/illustrateUR3/src/install/ur3_motion/share/ur3_motion
[1.145s] running install_egg_info
[1.147s] Copying ../build/ur3_motion/ur3_motion.egg-info to /home/caleb/illustrateUR3/src/install/ur3_motion/lib/python3.10/site-packages/ur3_motion-0.0.0-py3.10.egg-info
[1.147s] running install_scripts
[1.164s] Installing calibration_node script to /home/caleb/illustrateUR3/src/install/ur3_motion/lib/ur3_motion
[1.165s] Installing motion_node script to /home/caleb/illustrateUR3/src/install/ur3_motion/lib/ur3_motion
[1.165s] writing list of installed files to '/home/caleb/illustrateUR3/src/build/ur3_motion/install.log'
[1.218s] Invoked command in '/home/caleb/illustrateUR3/src/ur3_motion' returned '0': PYTHONPATH=/home/caleb/illustrateUR3/src/build/ur3_motion/prefix_override:/usr/lib/python3/dist-packages/colcon_core/task/python/colcon_distutils_commands:/home/caleb/illustrateUR3/src/install/ur3_motion/lib/python3.10/site-packages:${PYTHONPATH} /usr/bin/python3 -W ignore:setup.py install is deprecated -W ignore:easy_install command is deprecated setup.py egg_info --egg-base ../build/ur3_motion build --build-base /home/caleb/illustrateUR3/src/build/ur3_motion/build install --record /home/caleb/illustrateUR3/src/build/ur3_motion/install.log --single-version-externally-managed install_data
