[0.693s] Invoking command in '/home/caleb/illustrateUR3/src/gesture_vision': PYTHONPATH=/home/caleb/illustrateUR3/build/gesture_vision/prefix_override:/usr/lib/python3/dist-packages/colcon_core/task/python/colcon_distutils_commands:/home/caleb/illustrateUR3/install/gesture_vision/lib/python3.10/site-packages:${PYTHONPATH} /usr/bin/python3 -W ignore:setup.py install is deprecated -W ignore:easy_install command is deprecated setup.py egg_info --egg-base ../../build/gesture_vision build --build-base /home/caleb/illustrateUR3/build/gesture_vision/build install --record /home/caleb/illustrateUR3/build/gesture_vision/install.log --single-version-externally-managed install_data
[0.890s] running egg_info
[0.891s] writing ../../build/gesture_vision/gesture_vision.egg-info/PKG-INFO
[0.891s] writing dependency_links to ../../build/gesture_vision/gesture_vision.egg-info/dependency_links.txt
[0.891s] writing entry points to ../../build/gesture_vision/gesture_vision.egg-info/entry_points.txt
[0.891s] writing requirements to ../../build/gesture_vision/gesture_vision.egg-info/requires.txt
[0.891s] writing top-level names to ../../build/gesture_vision/gesture_vision.egg-info/top_level.txt
[0.893s] reading manifest file '../../build/gesture_vision/gesture_vision.egg-info/SOURCES.txt'
[0.893s] writing manifest file '../../build/gesture_vision/gesture_vision.egg-info/SOURCES.txt'
[0.894s] running build
[0.894s] running build_py
[0.894s] running install
[0.894s] running install_lib
[0.895s] running install_data
[0.896s] running install_egg_info
[0.897s] removing '/home/caleb/illustrateUR3/install/gesture_vision/lib/python3.10/site-packages/gesture_vision-0.0.0-py3.10.egg-info' (and everything under it)
[0.898s] Copying ../../build/gesture_vision/gesture_vision.egg-info to /home/caleb/illustrateUR3/install/gesture_vision/lib/python3.10/site-packages/gesture_vision-0.0.0-py3.10.egg-info
[0.898s] running install_scripts
[0.916s] Installing gesture_recognizer script to /home/caleb/illustrateUR3/install/gesture_vision/lib/gesture_vision
[0.916s] Installing gesture_recognizer_nocvbridge script to /home/caleb/illustrateUR3/install/gesture_vision/lib/gesture_vision
[0.916s] Installing webcam_publisher script to /home/caleb/illustrateUR3/install/gesture_vision/lib/gesture_vision
[0.917s] writing list of installed files to '/home/caleb/illustrateUR3/build/gesture_vision/install.log'
[0.943s] Invoked command in '/home/caleb/illustrateUR3/src/gesture_vision' returned '0': PYTHONPATH=/home/caleb/illustrateUR3/build/gesture_vision/prefix_override:/usr/lib/python3/dist-packages/colcon_core/task/python/colcon_distutils_commands:/home/caleb/illustrateUR3/install/gesture_vision/lib/python3.10/site-packages:${PYTHONPATH} /usr/bin/python3 -W ignore:setup.py install is deprecated -W ignore:easy_install command is deprecated setup.py egg_info --egg-base ../../build/gesture_vision build --build-base /home/caleb/illustrateUR3/build/gesture_vision/build install --record /home/caleb/illustrateUR3/build/gesture_vision/install.log --single-version-externally-managed install_data
