running egg_info
writing ../../build/gesture_vision/gesture_vision.egg-info/PKG-INFO
writing dependency_links to ../../build/gesture_vision/gesture_vision.egg-info/dependency_links.txt
writing entry points to ../../build/gesture_vision/gesture_vision.egg-info/entry_points.txt
writing requirements to ../../build/gesture_vision/gesture_vision.egg-info/requires.txt
writing top-level names to ../../build/gesture_vision/gesture_vision.egg-info/top_level.txt
reading manifest file '../../build/gesture_vision/gesture_vision.egg-info/SOURCES.txt'
writing manifest file '../../build/gesture_vision/gesture_vision.egg-info/SOURCES.txt'
running build
running build_py
copying gesture_vision/gesture_recognizer.py -> /home/caleb/illustrateUR3/build/gesture_vision/build/lib/gesture_vision
running install
running install_lib
copying /home/caleb/illustrateUR3/build/gesture_vision/build/lib/gesture_vision/gesture_recognizer.py -> /home/caleb/illustrateUR3/install/gesture_vision/lib/python3.10/site-packages/gesture_vision
byte-compiling /home/caleb/illustrateUR3/install/gesture_vision/lib/python3.10/site-packages/gesture_vision/gesture_recognizer.py to gesture_recognizer.cpython-310.pyc
running install_data
running install_egg_info
removing '/home/caleb/illustrateUR3/install/gesture_vision/lib/python3.10/site-packages/gesture_vision-0.0.0-py3.10.egg-info' (and everything under it)
Copying ../../build/gesture_vision/gesture_vision.egg-info to /home/caleb/illustrateUR3/install/gesture_vision/lib/python3.10/site-packages/gesture_vision-0.0.0-py3.10.egg-info
running install_scripts
Installing gesture_recognizer script to /home/caleb/illustrateUR3/install/gesture_vision/lib/gesture_vision
Installing gesture_recognizer_nocvbridge script to /home/caleb/illustrateUR3/install/gesture_vision/lib/gesture_vision
Installing webcam_publisher script to /home/caleb/illustrateUR3/install/gesture_vision/lib/gesture_vision
writing list of installed files to '/home/caleb/illustrateUR3/build/gesture_vision/install.log'
