running egg_info
creating ../../build/illustrateur3_gui/illustrateur3_gui.egg-info
writing ../../build/illustrateur3_gui/illustrateur3_gui.egg-info/PKG-INFO
writing dependency_links to ../../build/illustrateur3_gui/illustrateur3_gui.egg-info/dependency_links.txt
writing entry points to ../../build/illustrateur3_gui/illustrateur3_gui.egg-info/entry_points.txt
writing requirements to ../../build/illustrateur3_gui/illustrateur3_gui.egg-info/requires.txt
writing top-level names to ../../build/illustrateur3_gui/illustrateur3_gui.egg-info/top_level.txt
writing manifest file '../../build/illustrateur3_gui/illustrateur3_gui.egg-info/SOURCES.txt'
reading manifest file '../../build/illustrateur3_gui/illustrateur3_gui.egg-info/SOURCES.txt'
writing manifest file '../../build/illustrateur3_gui/illustrateur3_gui.egg-info/SOURCES.txt'
running build
running build_py
creating /home/caleb/illustrateUR3/build/illustrateur3_gui/build
creating /home/caleb/illustrateUR3/build/illustrateur3_gui/build/lib
creating /home/caleb/illustrateUR3/build/illustrateur3_gui/build/lib/illustrateur3_gui
copying illustrateur3_gui/ros_node.py -> /home/caleb/illustrateUR3/build/illustrateur3_gui/build/lib/illustrateur3_gui
copying illustrateur3_gui/__init__.py -> /home/caleb/illustrateUR3/build/illustrateur3_gui/build/lib/illustrateur3_gui
copying illustrateur3_gui/gui_app.py -> /home/caleb/illustrateUR3/build/illustrateur3_gui/build/lib/illustrateur3_gui
copying illustrateur3_gui/main.py -> /home/caleb/illustrateUR3/build/illustrateur3_gui/build/lib/illustrateur3_gui
running install
running install_lib
creating /home/caleb/illustrateUR3/install/illustrateur3_gui/lib/python3.10/site-packages/illustrateur3_gui
copying /home/caleb/illustrateUR3/build/illustrateur3_gui/build/lib/illustrateur3_gui/ros_node.py -> /home/caleb/illustrateUR3/install/illustrateur3_gui/lib/python3.10/site-packages/illustrateur3_gui
copying /home/caleb/illustrateUR3/build/illustrateur3_gui/build/lib/illustrateur3_gui/__init__.py -> /home/caleb/illustrateUR3/install/illustrateur3_gui/lib/python3.10/site-packages/illustrateur3_gui
copying /home/caleb/illustrateUR3/build/illustrateur3_gui/build/lib/illustrateur3_gui/gui_app.py -> /home/caleb/illustrateUR3/install/illustrateur3_gui/lib/python3.10/site-packages/illustrateur3_gui
copying /home/caleb/illustrateUR3/build/illustrateur3_gui/build/lib/illustrateur3_gui/main.py -> /home/caleb/illustrateUR3/install/illustrateur3_gui/lib/python3.10/site-packages/illustrateur3_gui
byte-compiling /home/caleb/illustrateUR3/install/illustrateur3_gui/lib/python3.10/site-packages/illustrateur3_gui/ros_node.py to ros_node.cpython-310.pyc
byte-compiling /home/caleb/illustrateUR3/install/illustrateur3_gui/lib/python3.10/site-packages/illustrateur3_gui/__init__.py to __init__.cpython-310.pyc
byte-compiling /home/caleb/illustrateUR3/install/illustrateur3_gui/lib/python3.10/site-packages/illustrateur3_gui/gui_app.py to gui_app.cpython-310.pyc
byte-compiling /home/caleb/illustrateUR3/install/illustrateur3_gui/lib/python3.10/site-packages/illustrateur3_gui/main.py to main.cpython-310.pyc
running install_data
creating /home/caleb/illustrateUR3/install/illustrateur3_gui/share/ament_index
creating /home/caleb/illustrateUR3/install/illustrateur3_gui/share/ament_index/resource_index
creating /home/caleb/illustrateUR3/install/illustrateur3_gui/share/ament_index/resource_index/packages
copying resource/illustrateur3_gui -> /home/caleb/illustrateUR3/install/illustrateur3_gui/share/ament_index/resource_index/packages
copying package.xml -> /home/caleb/illustrateUR3/install/illustrateur3_gui/share/illustrateur3_gui
running install_egg_info
Copying ../../build/illustrateur3_gui/illustrateur3_gui.egg-info to /home/caleb/illustrateUR3/install/illustrateur3_gui/lib/python3.10/site-packages/illustrateur3_gui-0.0.0-py3.10.egg-info
running install_scripts
Installing gui_main script to /home/caleb/illustrateUR3/install/illustrateur3_gui/lib/illustrateur3_gui
writing list of installed files to '/home/caleb/illustrateUR3/build/illustrateur3_gui/install.log'
