[0.086s] DEBUG:colcon:Command line arguments: ['/usr/bin/colcon', 'build']
[0.087s] DEBUG:colcon:Parsed command line arguments: Namespace(log_base=None, log_level=None, verb_name='build', build_base='build', install_base='install', merge_install=False, symlink_install=False, test_result_base=None, continue_on_error=False, executor='parallel', parallel_workers=8, event_handlers=None, ignore_user_meta=False, metas=['./colcon.meta'], base_paths=['.'], packages_ignore=None, packages_ignore_regex=None, paths=None, packages_up_to=None, packages_up_to_regex=None, packages_above=None, packages_above_and_dependencies=None, packages_above_depth=None, packages_select_by_dep=None, packages_skip_by_dep=None, packages_skip_up_to=None, packages_select_build_failed=False, packages_skip_build_finished=False, packages_select_test_failures=False, packages_skip_test_passed=False, packages_select=None, packages_skip=None, packages_select_regex=None, packages_skip_regex=None, packages_start=None, packages_end=None, allow_overriding=[], cmake_args=None, cmake_target=None, cmake_target_skip_unavailable=False, cmake_clean_cache=False, cmake_clean_first=False, cmake_force_configure=False, ament_cmake_args=None, catkin_cmake_args=None, catkin_skip_building_tests=False, verb_parser=<colcon_defaults.argument_parser.defaults.DefaultArgumentsDecorator object at 0x7835387e41c0>, verb_extension=<colcon_core.verb.build.BuildVerb object at 0x7835388cd630>, main=<bound method BuildVerb.main of <colcon_core.verb.build.BuildVerb object at 0x7835388cd630>>)
[0.221s] Level 1:colcon.colcon_core.package_discovery:discover_packages(colcon_meta) check parameters
[0.222s] Level 1:colcon.colcon_core.package_discovery:discover_packages(recursive) check parameters
[0.222s] Level 1:colcon.colcon_core.package_discovery:discover_packages(ignore) check parameters
[0.222s] Level 1:colcon.colcon_core.package_discovery:discover_packages(path) check parameters
[0.222s] Level 1:colcon.colcon_core.package_discovery:discover_packages(colcon_meta) discover
[0.222s] Level 1:colcon.colcon_core.package_discovery:discover_packages(recursive) discover
[0.222s] INFO:colcon.colcon_core.package_discovery:Crawling recursively for packages in '/home/caleb/illustrateUR3/src'
[0.222s] Level 1:colcon.colcon_core.package_identification:_identify(.) by extensions ['ignore', 'ignore_ament_install']
[0.222s] Level 1:colcon.colcon_core.package_identification:_identify(.) by extension 'ignore'
[0.222s] Level 1:colcon.colcon_core.package_identification:_identify(.) by extension 'ignore_ament_install'
[0.222s] Level 1:colcon.colcon_core.package_identification:_identify(.) by extensions ['colcon_pkg']
[0.222s] Level 1:colcon.colcon_core.package_identification:_identify(.) by extension 'colcon_pkg'
[0.222s] Level 1:colcon.colcon_core.package_identification:_identify(.) by extensions ['colcon_meta']
[0.222s] Level 1:colcon.colcon_core.package_identification:_identify(.) by extension 'colcon_meta'
[0.222s] Level 1:colcon.colcon_core.package_identification:_identify(.) by extensions ['ros']
[0.222s] Level 1:colcon.colcon_core.package_identification:_identify(.) by extension 'ros'
[0.232s] Level 1:colcon.colcon_core.package_identification:_identify(.) by extensions ['cmake', 'python']
[0.232s] Level 1:colcon.colcon_core.package_identification:_identify(.) by extension 'cmake'
[0.232s] Level 1:colcon.colcon_core.package_identification:_identify(.) by extension 'python'
[0.232s] Level 1:colcon.colcon_core.package_identification:_identify(.) by extensions ['python_setup_py']
[0.232s] Level 1:colcon.colcon_core.package_identification:_identify(.) by extension 'python_setup_py'
[0.232s] Level 1:colcon.colcon_core.package_identification:_identify(build) by extensions ['ignore', 'ignore_ament_install']
[0.232s] Level 1:colcon.colcon_core.package_identification:_identify(build) by extension 'ignore'
[0.232s] Level 1:colcon.colcon_core.package_identification:_identify(build) ignored
[0.232s] Level 1:colcon.colcon_core.package_identification:_identify(gesture_vision) by extensions ['ignore', 'ignore_ament_install']
[0.232s] Level 1:colcon.colcon_core.package_identification:_identify(gesture_vision) by extension 'ignore'
[0.232s] Level 1:colcon.colcon_core.package_identification:_identify(gesture_vision) by extension 'ignore_ament_install'
[0.232s] Level 1:colcon.colcon_core.package_identification:_identify(gesture_vision) by extensions ['colcon_pkg']
[0.232s] Level 1:colcon.colcon_core.package_identification:_identify(gesture_vision) by extension 'colcon_pkg'
[0.232s] Level 1:colcon.colcon_core.package_identification:_identify(gesture_vision) by extensions ['colcon_meta']
[0.232s] Level 1:colcon.colcon_core.package_identification:_identify(gesture_vision) by extension 'colcon_meta'
[0.232s] Level 1:colcon.colcon_core.package_identification:_identify(gesture_vision) by extensions ['ros']
[0.232s] Level 1:colcon.colcon_core.package_identification:_identify(gesture_vision) by extension 'ros'
[0.235s] DEBUG:colcon.colcon_core.package_identification:Package 'gesture_vision' with type 'ros.ament_python' and name 'gesture_vision'
[0.235s] Level 1:colcon.colcon_core.package_identification:_identify(illustrateur3_gui) by extensions ['ignore', 'ignore_ament_install']
[0.235s] Level 1:colcon.colcon_core.package_identification:_identify(illustrateur3_gui) by extension 'ignore'
[0.235s] Level 1:colcon.colcon_core.package_identification:_identify(illustrateur3_gui) by extension 'ignore_ament_install'
[0.235s] Level 1:colcon.colcon_core.package_identification:_identify(illustrateur3_gui) by extensions ['colcon_pkg']
[0.235s] Level 1:colcon.colcon_core.package_identification:_identify(illustrateur3_gui) by extension 'colcon_pkg'
[0.235s] Level 1:colcon.colcon_core.package_identification:_identify(illustrateur3_gui) by extensions ['colcon_meta']
[0.235s] Level 1:colcon.colcon_core.package_identification:_identify(illustrateur3_gui) by extension 'colcon_meta'
[0.235s] Level 1:colcon.colcon_core.package_identification:_identify(illustrateur3_gui) by extensions ['ros']
[0.235s] Level 1:colcon.colcon_core.package_identification:_identify(illustrateur3_gui) by extension 'ros'
[0.236s] DEBUG:colcon.colcon_core.package_identification:Package 'illustrateur3_gui' with type 'ros.ament_python' and name 'illustrateur3_gui'
[0.236s] Level 1:colcon.colcon_core.package_identification:_identify(install) by extensions ['ignore', 'ignore_ament_install']
[0.236s] Level 1:colcon.colcon_core.package_identification:_identify(install) by extension 'ignore'
[0.236s] Level 1:colcon.colcon_core.package_identification:_identify(install) ignored
[0.236s] Level 1:colcon.colcon_core.package_identification:_identify(log) by extensions ['ignore', 'ignore_ament_install']
[0.236s] Level 1:colcon.colcon_core.package_identification:_identify(log) by extension 'ignore'
[0.236s] Level 1:colcon.colcon_core.package_identification:_identify(log) ignored
[0.236s] Level 1:colcon.colcon_core.package_identification:_identify(pymoveit2) by extensions ['ignore', 'ignore_ament_install']
[0.236s] Level 1:colcon.colcon_core.package_identification:_identify(pymoveit2) by extension 'ignore'
[0.236s] Level 1:colcon.colcon_core.package_identification:_identify(pymoveit2) by extension 'ignore_ament_install'
[0.236s] Level 1:colcon.colcon_core.package_identification:_identify(pymoveit2) by extensions ['colcon_pkg']
[0.236s] Level 1:colcon.colcon_core.package_identification:_identify(pymoveit2) by extension 'colcon_pkg'
[0.236s] Level 1:colcon.colcon_core.package_identification:_identify(pymoveit2) by extensions ['colcon_meta']
[0.236s] Level 1:colcon.colcon_core.package_identification:_identify(pymoveit2) by extension 'colcon_meta'
[0.236s] Level 1:colcon.colcon_core.package_identification:_identify(pymoveit2) by extensions ['ros']
[0.236s] Level 1:colcon.colcon_core.package_identification:_identify(pymoveit2) by extension 'ros'
[0.236s] Level 1:colcon.colcon_core.package_identification:_identify(pymoveit2) by extensions ['cmake', 'python']
[0.236s] Level 1:colcon.colcon_core.package_identification:_identify(pymoveit2) by extension 'cmake'
[0.237s] Level 1:colcon.colcon_core.package_identification:_identify(pymoveit2) by extension 'python'
[0.237s] Level 1:colcon.colcon_core.package_identification:_identify(pymoveit2) by extensions ['python_setup_py']
[0.237s] Level 1:colcon.colcon_core.package_identification:_identify(pymoveit2) by extension 'python_setup_py'
[0.237s] Level 1:colcon.colcon_core.package_identification:_identify(ur3_motion) by extensions ['ignore', 'ignore_ament_install']
[0.237s] Level 1:colcon.colcon_core.package_identification:_identify(ur3_motion) by extension 'ignore'
[0.237s] Level 1:colcon.colcon_core.package_identification:_identify(ur3_motion) by extension 'ignore_ament_install'
[0.237s] Level 1:colcon.colcon_core.package_identification:_identify(ur3_motion) by extensions ['colcon_pkg']
[0.237s] Level 1:colcon.colcon_core.package_identification:_identify(ur3_motion) by extension 'colcon_pkg'
[0.237s] Level 1:colcon.colcon_core.package_identification:_identify(ur3_motion) by extensions ['colcon_meta']
[0.237s] Level 1:colcon.colcon_core.package_identification:_identify(ur3_motion) by extension 'colcon_meta'
[0.237s] Level 1:colcon.colcon_core.package_identification:_identify(ur3_motion) by extensions ['ros']
[0.237s] Level 1:colcon.colcon_core.package_identification:_identify(ur3_motion) by extension 'ros'
[0.238s] DEBUG:colcon.colcon_core.package_identification:Package 'ur3_motion' with type 'ros.ament_python' and name 'ur3_motion'
[0.238s] Level 1:colcon.colcon_core.package_discovery:discover_packages(recursive) using defaults
[0.238s] Level 1:colcon.colcon_core.package_discovery:discover_packages(ignore) discover
[0.238s] Level 1:colcon.colcon_core.package_discovery:discover_packages(ignore) using defaults
[0.238s] Level 1:colcon.colcon_core.package_discovery:discover_packages(path) discover
[0.238s] Level 1:colcon.colcon_core.package_discovery:discover_packages(path) using defaults
[0.255s] Level 1:colcon.colcon_core.package_discovery:discover_packages(prefix_path) check parameters
[0.255s] Level 1:colcon.colcon_core.package_discovery:discover_packages(prefix_path) discover
[0.257s] DEBUG:colcon.colcon_installed_package_information.package_discovery:Found 3 installed packages in /home/caleb/ros2_ws/install
[0.258s] DEBUG:colcon.colcon_installed_package_information.package_discovery:Found 272 installed packages in /opt/ros/humble
[0.266s] Level 1:colcon.colcon_core.package_discovery:discover_packages(prefix_path) using defaults
[0.298s] Level 5:colcon.colcon_core.verb:set package 'gesture_vision' build argument 'cmake_args' from command line to 'None'
[0.298s] Level 5:colcon.colcon_core.verb:set package 'gesture_vision' build argument 'cmake_target' from command line to 'None'
[0.298s] Level 5:colcon.colcon_core.verb:set package 'gesture_vision' build argument 'cmake_target_skip_unavailable' from command line to 'False'
[0.298s] Level 5:colcon.colcon_core.verb:set package 'gesture_vision' build argument 'cmake_clean_cache' from command line to 'False'
[0.298s] Level 5:colcon.colcon_core.verb:set package 'gesture_vision' build argument 'cmake_clean_first' from command line to 'False'
[0.298s] Level 5:colcon.colcon_core.verb:set package 'gesture_vision' build argument 'cmake_force_configure' from command line to 'False'
[0.298s] Level 5:colcon.colcon_core.verb:set package 'gesture_vision' build argument 'ament_cmake_args' from command line to 'None'
[0.298s] Level 5:colcon.colcon_core.verb:set package 'gesture_vision' build argument 'catkin_cmake_args' from command line to 'None'
[0.298s] Level 5:colcon.colcon_core.verb:set package 'gesture_vision' build argument 'catkin_skip_building_tests' from command line to 'False'
[0.298s] DEBUG:colcon.colcon_core.verb:Building package 'gesture_vision' with the following arguments: {'ament_cmake_args': None, 'build_base': '/home/caleb/illustrateUR3/src/build/gesture_vision', 'catkin_cmake_args': None, 'catkin_skip_building_tests': False, 'cmake_args': None, 'cmake_clean_cache': False, 'cmake_clean_first': False, 'cmake_force_configure': False, 'cmake_target': None, 'cmake_target_skip_unavailable': False, 'install_base': '/home/caleb/illustrateUR3/src/install/gesture_vision', 'merge_install': False, 'path': '/home/caleb/illustrateUR3/src/gesture_vision', 'symlink_install': False, 'test_result_base': None}
[0.298s] Level 5:colcon.colcon_core.verb:set package 'illustrateur3_gui' build argument 'cmake_args' from command line to 'None'
[0.298s] Level 5:colcon.colcon_core.verb:set package 'illustrateur3_gui' build argument 'cmake_target' from command line to 'None'
[0.298s] Level 5:colcon.colcon_core.verb:set package 'illustrateur3_gui' build argument 'cmake_target_skip_unavailable' from command line to 'False'
[0.298s] Level 5:colcon.colcon_core.verb:set package 'illustrateur3_gui' build argument 'cmake_clean_cache' from command line to 'False'
[0.298s] Level 5:colcon.colcon_core.verb:set package 'illustrateur3_gui' build argument 'cmake_clean_first' from command line to 'False'
[0.298s] Level 5:colcon.colcon_core.verb:set package 'illustrateur3_gui' build argument 'cmake_force_configure' from command line to 'False'
[0.298s] Level 5:colcon.colcon_core.verb:set package 'illustrateur3_gui' build argument 'ament_cmake_args' from command line to 'None'
[0.298s] Level 5:colcon.colcon_core.verb:set package 'illustrateur3_gui' build argument 'catkin_cmake_args' from command line to 'None'
[0.298s] Level 5:colcon.colcon_core.verb:set package 'illustrateur3_gui' build argument 'catkin_skip_building_tests' from command line to 'False'
[0.298s] DEBUG:colcon.colcon_core.verb:Building package 'illustrateur3_gui' with the following arguments: {'ament_cmake_args': None, 'build_base': '/home/caleb/illustrateUR3/src/build/illustrateur3_gui', 'catkin_cmake_args': None, 'catkin_skip_building_tests': False, 'cmake_args': None, 'cmake_clean_cache': False, 'cmake_clean_first': False, 'cmake_force_configure': False, 'cmake_target': None, 'cmake_target_skip_unavailable': False, 'install_base': '/home/caleb/illustrateUR3/src/install/illustrateur3_gui', 'merge_install': False, 'path': '/home/caleb/illustrateUR3/src/illustrateur3_gui', 'symlink_install': False, 'test_result_base': None}
[0.299s] Level 5:colcon.colcon_core.verb:set package 'ur3_motion' build argument 'cmake_args' from command line to 'None'
[0.299s] Level 5:colcon.colcon_core.verb:set package 'ur3_motion' build argument 'cmake_target' from command line to 'None'
[0.299s] Level 5:colcon.colcon_core.verb:set package 'ur3_motion' build argument 'cmake_target_skip_unavailable' from command line to 'False'
[0.299s] Level 5:colcon.colcon_core.verb:set package 'ur3_motion' build argument 'cmake_clean_cache' from command line to 'False'
[0.299s] Level 5:colcon.colcon_core.verb:set package 'ur3_motion' build argument 'cmake_clean_first' from command line to 'False'
[0.299s] Level 5:colcon.colcon_core.verb:set package 'ur3_motion' build argument 'cmake_force_configure' from command line to 'False'
[0.299s] Level 5:colcon.colcon_core.verb:set package 'ur3_motion' build argument 'ament_cmake_args' from command line to 'None'
[0.299s] Level 5:colcon.colcon_core.verb:set package 'ur3_motion' build argument 'catkin_cmake_args' from command line to 'None'
[0.299s] Level 5:colcon.colcon_core.verb:set package 'ur3_motion' build argument 'catkin_skip_building_tests' from command line to 'False'
[0.299s] DEBUG:colcon.colcon_core.verb:Building package 'ur3_motion' with the following arguments: {'ament_cmake_args': None, 'build_base': '/home/caleb/illustrateUR3/src/build/ur3_motion', 'catkin_cmake_args': None, 'catkin_skip_building_tests': False, 'cmake_args': None, 'cmake_clean_cache': False, 'cmake_clean_first': False, 'cmake_force_configure': False, 'cmake_target': None, 'cmake_target_skip_unavailable': False, 'install_base': '/home/caleb/illustrateUR3/src/install/ur3_motion', 'merge_install': False, 'path': '/home/caleb/illustrateUR3/src/ur3_motion', 'symlink_install': False, 'test_result_base': None}
[0.299s] INFO:colcon.colcon_core.executor:Executing jobs using 'parallel' executor
[0.300s] DEBUG:colcon.colcon_parallel_executor.executor.parallel:run_until_complete
[0.300s] INFO:colcon.colcon_ros.task.ament_python.build:Building ROS package in '/home/caleb/illustrateUR3/src/gesture_vision' with build type 'ament_python'
[0.300s] Level 1:colcon.colcon_core.shell:create_environment_hook('gesture_vision', 'ament_prefix_path')
[0.302s] INFO:colcon.colcon_core.plugin_system:Skipping extension 'colcon_core.shell.bat': Not used on non-Windows systems
[0.302s] INFO:colcon.colcon_core.shell:Creating environment hook '/home/caleb/illustrateUR3/src/install/gesture_vision/share/gesture_vision/hook/ament_prefix_path.ps1'
[0.302s] INFO:colcon.colcon_core.shell:Creating environment descriptor '/home/caleb/illustrateUR3/src/install/gesture_vision/share/gesture_vision/hook/ament_prefix_path.dsv'
[0.303s] INFO:colcon.colcon_core.shell:Creating environment hook '/home/caleb/illustrateUR3/src/install/gesture_vision/share/gesture_vision/hook/ament_prefix_path.sh'
[0.303s] INFO:colcon.colcon_core.shell:Skip shell extension 'powershell' for command environment: Not usable outside of PowerShell
[0.303s] DEBUG:colcon.colcon_core.shell:Skip shell extension 'dsv' for command environment
[0.306s] INFO:colcon.colcon_ros.task.ament_python.build:Building ROS package in '/home/caleb/illustrateUR3/src/illustrateur3_gui' with build type 'ament_python'
[0.306s] Level 1:colcon.colcon_core.shell:create_environment_hook('illustrateur3_gui', 'ament_prefix_path')
[0.306s] INFO:colcon.colcon_core.shell:Creating environment hook '/home/caleb/illustrateUR3/src/install/illustrateur3_gui/share/illustrateur3_gui/hook/ament_prefix_path.ps1'
[0.306s] INFO:colcon.colcon_core.shell:Creating environment descriptor '/home/caleb/illustrateUR3/src/install/illustrateur3_gui/share/illustrateur3_gui/hook/ament_prefix_path.dsv'
[0.307s] INFO:colcon.colcon_core.shell:Creating environment hook '/home/caleb/illustrateUR3/src/install/illustrateur3_gui/share/illustrateur3_gui/hook/ament_prefix_path.sh'
[0.307s] INFO:colcon.colcon_core.shell:Skip shell extension 'powershell' for command environment: Not usable outside of PowerShell
[0.307s] DEBUG:colcon.colcon_core.shell:Skip shell extension 'dsv' for command environment
[0.309s] INFO:colcon.colcon_ros.task.ament_python.build:Building ROS package in '/home/caleb/illustrateUR3/src/ur3_motion' with build type 'ament_python'
[0.309s] Level 1:colcon.colcon_core.shell:create_environment_hook('ur3_motion', 'ament_prefix_path')
[0.310s] INFO:colcon.colcon_core.shell:Creating environment hook '/home/caleb/illustrateUR3/src/install/ur3_motion/share/ur3_motion/hook/ament_prefix_path.ps1'
[0.334s] INFO:colcon.colcon_core.shell:Creating environment descriptor '/home/caleb/illustrateUR3/src/install/ur3_motion/share/ur3_motion/hook/ament_prefix_path.dsv'
[0.334s] INFO:colcon.colcon_core.shell:Creating environment hook '/home/caleb/illustrateUR3/src/install/ur3_motion/share/ur3_motion/hook/ament_prefix_path.sh'
[0.335s] INFO:colcon.colcon_core.shell:Skip shell extension 'powershell' for command environment: Not usable outside of PowerShell
[0.335s] DEBUG:colcon.colcon_core.shell:Skip shell extension 'dsv' for command environment
[0.541s] INFO:colcon.colcon_core.task.python.build:Building Python package in '/home/caleb/illustrateUR3/src/gesture_vision'
[0.541s] INFO:colcon.colcon_core.shell:Skip shell extension 'powershell' for command environment: Not usable outside of PowerShell
[0.541s] DEBUG:colcon.colcon_core.shell:Skip shell extension 'dsv' for command environment
[0.752s] INFO:colcon.colcon_core.task.python.build:Building Python package in '/home/caleb/illustrateUR3/src/illustrateur3_gui'
[0.753s] INFO:colcon.colcon_core.shell:Skip shell extension 'powershell' for command environment: Not usable outside of PowerShell
[0.753s] DEBUG:colcon.colcon_core.shell:Skip shell extension 'dsv' for command environment
[0.960s] INFO:colcon.colcon_core.task.python.build:Building Python package in '/home/caleb/illustrateUR3/src/ur3_motion'
[0.960s] INFO:colcon.colcon_core.shell:Skip shell extension 'powershell' for command environment: Not usable outside of PowerShell
[0.960s] DEBUG:colcon.colcon_core.shell:Skip shell extension 'dsv' for command environment
[1.255s] DEBUG:colcon.colcon_core.event_handler.log_command:Invoking command in '/home/caleb/illustrateUR3/src/illustrateur3_gui': PYTHONPATH=/home/caleb/illustrateUR3/src/build/illustrateur3_gui/prefix_override:/usr/lib/python3/dist-packages/colcon_core/task/python/colcon_distutils_commands:/home/caleb/illustrateUR3/src/install/illustrateur3_gui/lib/python3.10/site-packages:${PYTHONPATH} /usr/bin/python3 -W ignore:setup.py install is deprecated -W ignore:easy_install command is deprecated setup.py egg_info --egg-base ../build/illustrateur3_gui build --build-base /home/caleb/illustrateUR3/src/build/illustrateur3_gui/build install --record /home/caleb/illustrateUR3/src/build/illustrateur3_gui/install.log --single-version-externally-managed install_data
[1.257s] DEBUG:colcon.colcon_core.event_handler.log_command:Invoking command in '/home/caleb/illustrateUR3/src/gesture_vision': PYTHONPATH=/home/caleb/illustrateUR3/src/build/gesture_vision/prefix_override:/usr/lib/python3/dist-packages/colcon_core/task/python/colcon_distutils_commands:/home/caleb/illustrateUR3/src/install/gesture_vision/lib/python3.10/site-packages:${PYTHONPATH} /usr/bin/python3 -W ignore:setup.py install is deprecated -W ignore:easy_install command is deprecated setup.py egg_info --egg-base ../build/gesture_vision build --build-base /home/caleb/illustrateUR3/src/build/gesture_vision/build install --record /home/caleb/illustrateUR3/src/build/gesture_vision/install.log --single-version-externally-managed install_data
[1.261s] DEBUG:colcon.colcon_core.event_handler.log_command:Invoking command in '/home/caleb/illustrateUR3/src/ur3_motion': PYTHONPATH=/home/caleb/illustrateUR3/src/build/ur3_motion/prefix_override:/usr/lib/python3/dist-packages/colcon_core/task/python/colcon_distutils_commands:/home/caleb/illustrateUR3/src/install/ur3_motion/lib/python3.10/site-packages:${PYTHONPATH} /usr/bin/python3 -W ignore:setup.py install is deprecated -W ignore:easy_install command is deprecated setup.py egg_info --egg-base ../build/ur3_motion build --build-base /home/caleb/illustrateUR3/src/build/ur3_motion/build install --record /home/caleb/illustrateUR3/src/build/ur3_motion/install.log --single-version-externally-managed install_data
[1.522s] DEBUG:colcon.colcon_core.event_handler.log_command:Invoked command in '/home/caleb/illustrateUR3/src/gesture_vision' returned '0': PYTHONPATH=/home/caleb/illustrateUR3/src/build/gesture_vision/prefix_override:/usr/lib/python3/dist-packages/colcon_core/task/python/colcon_distutils_commands:/home/caleb/illustrateUR3/src/install/gesture_vision/lib/python3.10/site-packages:${PYTHONPATH} /usr/bin/python3 -W ignore:setup.py install is deprecated -W ignore:easy_install command is deprecated setup.py egg_info --egg-base ../build/gesture_vision build --build-base /home/caleb/illustrateUR3/src/build/gesture_vision/build install --record /home/caleb/illustrateUR3/src/build/gesture_vision/install.log --single-version-externally-managed install_data
[1.525s] Level 1:colcon.colcon_core.environment:checking '/home/caleb/illustrateUR3/src/install/gesture_vision' for CMake module files
[1.526s] Level 1:colcon.colcon_core.environment:checking '/home/caleb/illustrateUR3/src/install/gesture_vision' for CMake config files
[1.527s] Level 1:colcon.colcon_core.environment:checking '/home/caleb/illustrateUR3/src/install/gesture_vision/lib'
[1.527s] Level 1:colcon.colcon_core.environment:checking '/home/caleb/illustrateUR3/src/install/gesture_vision/bin'
[1.527s] Level 1:colcon.colcon_core.environment:checking '/home/caleb/illustrateUR3/src/install/gesture_vision/lib/pkgconfig/gesture_vision.pc'
[1.527s] Level 1:colcon.colcon_core.environment:checking '/home/caleb/illustrateUR3/src/install/gesture_vision/lib/python3.10/site-packages'
[1.527s] Level 1:colcon.colcon_core.shell:create_environment_hook('gesture_vision', 'pythonpath')
[1.528s] INFO:colcon.colcon_core.shell:Creating environment hook '/home/caleb/illustrateUR3/src/install/gesture_vision/share/gesture_vision/hook/pythonpath.ps1'
[1.528s] INFO:colcon.colcon_core.shell:Creating environment descriptor '/home/caleb/illustrateUR3/src/install/gesture_vision/share/gesture_vision/hook/pythonpath.dsv'
[1.529s] INFO:colcon.colcon_core.shell:Creating environment hook '/home/caleb/illustrateUR3/src/install/gesture_vision/share/gesture_vision/hook/pythonpath.sh'
[1.530s] Level 1:colcon.colcon_core.environment:checking '/home/caleb/illustrateUR3/src/install/gesture_vision/bin'
[1.530s] Level 1:colcon.colcon_core.environment:create_environment_scripts_only(gesture_vision)
[1.531s] INFO:colcon.colcon_core.shell:Creating package script '/home/caleb/illustrateUR3/src/install/gesture_vision/share/gesture_vision/package.ps1'
[1.532s] INFO:colcon.colcon_core.shell:Creating package descriptor '/home/caleb/illustrateUR3/src/install/gesture_vision/share/gesture_vision/package.dsv'
[1.532s] INFO:colcon.colcon_core.shell:Creating package script '/home/caleb/illustrateUR3/src/install/gesture_vision/share/gesture_vision/package.sh'
[1.533s] INFO:colcon.colcon_core.shell:Creating package script '/home/caleb/illustrateUR3/src/install/gesture_vision/share/gesture_vision/package.bash'
[1.534s] INFO:colcon.colcon_core.shell:Creating package script '/home/caleb/illustrateUR3/src/install/gesture_vision/share/gesture_vision/package.zsh'
[1.535s] Level 1:colcon.colcon_core.environment:create_file_with_runtime_dependencies(/home/caleb/illustrateUR3/src/install/gesture_vision/share/colcon-core/packages/gesture_vision)
[1.536s] Level 1:colcon.colcon_core.environment:checking '/home/caleb/illustrateUR3/src/install/ur3_motion' for CMake module files
[1.537s] DEBUG:colcon.colcon_core.event_handler.log_command:Invoked command in '/home/caleb/illustrateUR3/src/ur3_motion' returned '0': PYTHONPATH=/home/caleb/illustrateUR3/src/build/ur3_motion/prefix_override:/usr/lib/python3/dist-packages/colcon_core/task/python/colcon_distutils_commands:/home/caleb/illustrateUR3/src/install/ur3_motion/lib/python3.10/site-packages:${PYTHONPATH} /usr/bin/python3 -W ignore:setup.py install is deprecated -W ignore:easy_install command is deprecated setup.py egg_info --egg-base ../build/ur3_motion build --build-base /home/caleb/illustrateUR3/src/build/ur3_motion/build install --record /home/caleb/illustrateUR3/src/build/ur3_motion/install.log --single-version-externally-managed install_data
[1.537s] Level 1:colcon.colcon_core.environment:checking '/home/caleb/illustrateUR3/src/install/ur3_motion' for CMake config files
[1.538s] Level 1:colcon.colcon_core.environment:checking '/home/caleb/illustrateUR3/src/install/ur3_motion/lib'
[1.538s] Level 1:colcon.colcon_core.environment:checking '/home/caleb/illustrateUR3/src/install/ur3_motion/bin'
[1.538s] Level 1:colcon.colcon_core.environment:checking '/home/caleb/illustrateUR3/src/install/ur3_motion/lib/pkgconfig/ur3_motion.pc'
[1.538s] Level 1:colcon.colcon_core.environment:checking '/home/caleb/illustrateUR3/src/install/ur3_motion/lib/python3.10/site-packages'
[1.538s] Level 1:colcon.colcon_core.shell:create_environment_hook('ur3_motion', 'pythonpath')
[1.539s] INFO:colcon.colcon_core.shell:Creating environment hook '/home/caleb/illustrateUR3/src/install/ur3_motion/share/ur3_motion/hook/pythonpath.ps1'
[1.539s] INFO:colcon.colcon_core.shell:Creating environment descriptor '/home/caleb/illustrateUR3/src/install/ur3_motion/share/ur3_motion/hook/pythonpath.dsv'
[1.539s] INFO:colcon.colcon_core.shell:Creating environment hook '/home/caleb/illustrateUR3/src/install/ur3_motion/share/ur3_motion/hook/pythonpath.sh'
[1.540s] Level 1:colcon.colcon_core.environment:checking '/home/caleb/illustrateUR3/src/install/ur3_motion/bin'
[1.540s] Level 1:colcon.colcon_core.environment:create_environment_scripts_only(ur3_motion)
[1.541s] INFO:colcon.colcon_core.shell:Creating package script '/home/caleb/illustrateUR3/src/install/ur3_motion/share/ur3_motion/package.ps1'
[1.541s] INFO:colcon.colcon_core.shell:Creating package descriptor '/home/caleb/illustrateUR3/src/install/ur3_motion/share/ur3_motion/package.dsv'
[1.541s] INFO:colcon.colcon_core.shell:Creating package script '/home/caleb/illustrateUR3/src/install/ur3_motion/share/ur3_motion/package.sh'
[1.542s] INFO:colcon.colcon_core.shell:Creating package script '/home/caleb/illustrateUR3/src/install/ur3_motion/share/ur3_motion/package.bash'
[1.542s] INFO:colcon.colcon_core.shell:Creating package script '/home/caleb/illustrateUR3/src/install/ur3_motion/share/ur3_motion/package.zsh'
[1.543s] Level 1:colcon.colcon_core.environment:create_file_with_runtime_dependencies(/home/caleb/illustrateUR3/src/install/ur3_motion/share/colcon-core/packages/ur3_motion)
[1.543s] Level 1:colcon.colcon_core.environment:checking '/home/caleb/illustrateUR3/src/install/illustrateur3_gui' for CMake module files
[1.544s] Level 1:colcon.colcon_core.environment:checking '/home/caleb/illustrateUR3/src/install/illustrateur3_gui' for CMake config files
[1.544s] DEBUG:colcon.colcon_core.event_handler.log_command:Invoked command in '/home/caleb/illustrateUR3/src/illustrateur3_gui' returned '0': PYTHONPATH=/home/caleb/illustrateUR3/src/build/illustrateur3_gui/prefix_override:/usr/lib/python3/dist-packages/colcon_core/task/python/colcon_distutils_commands:/home/caleb/illustrateUR3/src/install/illustrateur3_gui/lib/python3.10/site-packages:${PYTHONPATH} /usr/bin/python3 -W ignore:setup.py install is deprecated -W ignore:easy_install command is deprecated setup.py egg_info --egg-base ../build/illustrateur3_gui build --build-base /home/caleb/illustrateUR3/src/build/illustrateur3_gui/build install --record /home/caleb/illustrateUR3/src/build/illustrateur3_gui/install.log --single-version-externally-managed install_data
[1.545s] Level 1:colcon.colcon_core.environment:checking '/home/caleb/illustrateUR3/src/install/illustrateur3_gui/lib'
[1.545s] Level 1:colcon.colcon_core.environment:checking '/home/caleb/illustrateUR3/src/install/illustrateur3_gui/bin'
[1.545s] Level 1:colcon.colcon_core.environment:checking '/home/caleb/illustrateUR3/src/install/illustrateur3_gui/lib/pkgconfig/illustrateur3_gui.pc'
[1.545s] Level 1:colcon.colcon_core.environment:checking '/home/caleb/illustrateUR3/src/install/illustrateur3_gui/lib/python3.10/site-packages'
[1.545s] Level 1:colcon.colcon_core.shell:create_environment_hook('illustrateur3_gui', 'pythonpath')
[1.546s] INFO:colcon.colcon_core.shell:Creating environment hook '/home/caleb/illustrateUR3/src/install/illustrateur3_gui/share/illustrateur3_gui/hook/pythonpath.ps1'
[1.546s] INFO:colcon.colcon_core.shell:Creating environment descriptor '/home/caleb/illustrateUR3/src/install/illustrateur3_gui/share/illustrateur3_gui/hook/pythonpath.dsv'
[1.546s] INFO:colcon.colcon_core.shell:Creating environment hook '/home/caleb/illustrateUR3/src/install/illustrateur3_gui/share/illustrateur3_gui/hook/pythonpath.sh'
[1.547s] Level 1:colcon.colcon_core.environment:checking '/home/caleb/illustrateUR3/src/install/illustrateur3_gui/bin'
[1.547s] Level 1:colcon.colcon_core.environment:create_environment_scripts_only(illustrateur3_gui)
[1.548s] INFO:colcon.colcon_core.shell:Creating package script '/home/caleb/illustrateUR3/src/install/illustrateur3_gui/share/illustrateur3_gui/package.ps1'
[1.548s] INFO:colcon.colcon_core.shell:Creating package descriptor '/home/caleb/illustrateUR3/src/install/illustrateur3_gui/share/illustrateur3_gui/package.dsv'
[1.548s] INFO:colcon.colcon_core.shell:Creating package script '/home/caleb/illustrateUR3/src/install/illustrateur3_gui/share/illustrateur3_gui/package.sh'
[1.549s] INFO:colcon.colcon_core.shell:Creating package script '/home/caleb/illustrateUR3/src/install/illustrateur3_gui/share/illustrateur3_gui/package.bash'
[1.549s] INFO:colcon.colcon_core.shell:Creating package script '/home/caleb/illustrateUR3/src/install/illustrateur3_gui/share/illustrateur3_gui/package.zsh'
[1.550s] Level 1:colcon.colcon_core.environment:create_file_with_runtime_dependencies(/home/caleb/illustrateUR3/src/install/illustrateur3_gui/share/colcon-core/packages/illustrateur3_gui)
[1.550s] DEBUG:colcon.colcon_parallel_executor.executor.parallel:closing loop
[1.550s] DEBUG:colcon.colcon_parallel_executor.executor.parallel:loop closed
[1.550s] DEBUG:colcon.colcon_parallel_executor.executor.parallel:run_until_complete finished with '0'
[1.550s] DEBUG:colcon.colcon_core.event_reactor:joining thread
[1.555s] INFO:colcon.colcon_core.plugin_system:Skipping extension 'colcon_notification.desktop_notification.terminal_notifier': Not used on non-Darwin systems
[1.555s] INFO:colcon.colcon_core.plugin_system:Skipping extension 'colcon_notification.desktop_notification.win32': Not used on non-Windows systems
[1.555s] INFO:colcon.colcon_notification.desktop_notification:Sending desktop notification using 'notify2'
[1.564s] DEBUG:colcon.colcon_core.event_reactor:joined thread
[1.564s] INFO:colcon.colcon_core.shell:Creating prefix script '/home/caleb/illustrateUR3/src/install/local_setup.ps1'
[1.565s] INFO:colcon.colcon_core.shell:Creating prefix util module '/home/caleb/illustrateUR3/src/install/_local_setup_util_ps1.py'
[1.567s] INFO:colcon.colcon_core.shell:Creating prefix chain script '/home/caleb/illustrateUR3/src/install/setup.ps1'
[1.568s] INFO:colcon.colcon_core.shell:Creating prefix script '/home/caleb/illustrateUR3/src/install/local_setup.sh'
[1.568s] INFO:colcon.colcon_core.shell:Creating prefix util module '/home/caleb/illustrateUR3/src/install/_local_setup_util_sh.py'
[1.569s] INFO:colcon.colcon_core.shell:Creating prefix chain script '/home/caleb/illustrateUR3/src/install/setup.sh'
[1.570s] INFO:colcon.colcon_core.shell:Creating prefix script '/home/caleb/illustrateUR3/src/install/local_setup.bash'
[1.570s] INFO:colcon.colcon_core.shell:Creating prefix chain script '/home/caleb/illustrateUR3/src/install/setup.bash'
[1.571s] INFO:colcon.colcon_core.shell:Creating prefix script '/home/caleb/illustrateUR3/src/install/local_setup.zsh'
[1.572s] INFO:colcon.colcon_core.shell:Creating prefix chain script '/home/caleb/illustrateUR3/src/install/setup.zsh'
