[0.934s] Invoking command in '/home/caleb/illustrateUR3/src/illustrateur3_gui': PYTHONPATH=/home/caleb/illustrateUR3/src/build/illustrateur3_gui/prefix_override:/usr/lib/python3/dist-packages/colcon_core/task/python/colcon_distutils_commands:/home/caleb/illustrateUR3/src/install/illustrateur3_gui/lib/python3.10/site-packages:${PYTHONPATH} /usr/bin/python3 -W ignore:setup.py install is deprecated -W ignore:easy_install command is deprecated setup.py egg_info --egg-base ../build/illustrateur3_gui build --build-base /home/caleb/illustrateUR3/src/build/illustrateur3_gui/build install --record /home/caleb/illustrateUR3/src/build/illustrateur3_gui/install.log --single-version-externally-managed install_data
[1.137s] running egg_info
[1.138s] creating ../build/illustrateur3_gui/illustrateur3_gui.egg-info
[1.138s] writing ../build/illustrateur3_gui/illustrateur3_gui.egg-info/PKG-INFO
[1.138s] writing dependency_links to ../build/illustrateur3_gui/illustrateur3_gui.egg-info/dependency_links.txt
[1.139s] writing entry points to ../build/illustrateur3_gui/illustrateur3_gui.egg-info/entry_points.txt
[1.139s] writing requirements to ../build/illustrateur3_gui/illustrateur3_gui.egg-info/requires.txt
[1.139s] writing top-level names to ../build/illustrateur3_gui/illustrateur3_gui.egg-info/top_level.txt
[1.139s] writing manifest file '../build/illustrateur3_gui/illustrateur3_gui.egg-info/SOURCES.txt'
[1.140s] reading manifest file '../build/illustrateur3_gui/illustrateur3_gui.egg-info/SOURCES.txt'
[1.141s] writing manifest file '../build/illustrateur3_gui/illustrateur3_gui.egg-info/SOURCES.txt'
[1.141s] running build
[1.141s] running build_py
[1.142s] creating /home/caleb/illustrateUR3/src/build/illustrateur3_gui/build
[1.142s] creating /home/caleb/illustrateUR3/src/build/illustrateur3_gui/build/lib
[1.142s] creating /home/caleb/illustrateUR3/src/build/illustrateur3_gui/build/lib/illustrateur3_gui
[1.142s] copying illustrateur3_gui/ros_node.py -> /home/caleb/illustrateUR3/src/build/illustrateur3_gui/build/lib/illustrateur3_gui
[1.142s] copying illustrateur3_gui/__init__.py -> /home/caleb/illustrateUR3/src/build/illustrateur3_gui/build/lib/illustrateur3_gui
[1.142s] copying illustrateur3_gui/gui_app.py -> /home/caleb/illustrateUR3/src/build/illustrateur3_gui/build/lib/illustrateur3_gui
[1.142s] copying illustrateur3_gui/main.py -> /home/caleb/illustrateUR3/src/build/illustrateur3_gui/build/lib/illustrateur3_gui
[1.142s] running install
[1.143s] running install_lib
[1.143s] creating /home/caleb/illustrateUR3/src/install/illustrateur3_gui/lib/python3.10/site-packages/illustrateur3_gui
[1.143s] copying /home/caleb/illustrateUR3/src/build/illustrateur3_gui/build/lib/illustrateur3_gui/ros_node.py -> /home/caleb/illustrateUR3/src/install/illustrateur3_gui/lib/python3.10/site-packages/illustrateur3_gui
[1.143s] copying /home/caleb/illustrateUR3/src/build/illustrateur3_gui/build/lib/illustrateur3_gui/__init__.py -> /home/caleb/illustrateUR3/src/install/illustrateur3_gui/lib/python3.10/site-packages/illustrateur3_gui
[1.144s] copying /home/caleb/illustrateUR3/src/build/illustrateur3_gui/build/lib/illustrateur3_gui/gui_app.py -> /home/caleb/illustrateUR3/src/install/illustrateur3_gui/lib/python3.10/site-packages/illustrateur3_gui
[1.144s] copying /home/caleb/illustrateUR3/src/build/illustrateur3_gui/build/lib/illustrateur3_gui/main.py -> /home/caleb/illustrateUR3/src/install/illustrateur3_gui/lib/python3.10/site-packages/illustrateur3_gui
[1.144s] byte-compiling /home/caleb/illustrateUR3/src/install/illustrateur3_gui/lib/python3.10/site-packages/illustrateur3_gui/ros_node.py to ros_node.cpython-310.pyc
[1.145s] byte-compiling /home/caleb/illustrateUR3/src/install/illustrateur3_gui/lib/python3.10/site-packages/illustrateur3_gui/__init__.py to __init__.cpython-310.pyc
[1.145s] byte-compiling /home/caleb/illustrateUR3/src/install/illustrateur3_gui/lib/python3.10/site-packages/illustrateur3_gui/gui_app.py to gui_app.cpython-310.pyc
[1.147s] byte-compiling /home/caleb/illustrateUR3/src/install/illustrateur3_gui/lib/python3.10/site-packages/illustrateur3_gui/main.py to main.cpython-310.pyc
[1.147s] running install_data
[1.147s] creating /home/caleb/illustrateUR3/src/install/illustrateur3_gui/share/ament_index
[1.147s] creating /home/caleb/illustrateUR3/src/install/illustrateur3_gui/share/ament_index/resource_index
[1.147s] creating /home/caleb/illustrateUR3/src/install/illustrateur3_gui/share/ament_index/resource_index/packages
[1.147s] copying resource/illustrateur3_gui -> /home/caleb/illustrateUR3/src/install/illustrateur3_gui/share/ament_index/resource_index/packages
[1.147s] copying package.xml -> /home/caleb/illustrateUR3/src/install/illustrateur3_gui/share/illustrateur3_gui
[1.147s] running install_egg_info
[1.149s] Copying ../build/illustrateur3_gui/illustrateur3_gui.egg-info to /home/caleb/illustrateUR3/src/install/illustrateur3_gui/lib/python3.10/site-packages/illustrateur3_gui-0.0.0-py3.10.egg-info
[1.149s] running install_scripts
[1.167s] Installing gui_main script to /home/caleb/illustrateUR3/src/install/illustrateur3_gui/lib/illustrateur3_gui
[1.167s] writing list of installed files to '/home/caleb/illustrateUR3/src/build/illustrateur3_gui/install.log'
[1.199s] Invoked command in '/home/caleb/illustrateUR3/src/illustrateur3_gui' returned '0': PYTHONPATH=/home/caleb/illustrateUR3/src/build/illustrateur3_gui/prefix_override:/usr/lib/python3/dist-packages/colcon_core/task/python/colcon_distutils_commands:/home/caleb/illustrateUR3/src/install/illustrateur3_gui/lib/python3.10/site-packages:${PYTHONPATH} /usr/bin/python3 -W ignore:setup.py install is deprecated -W ignore:easy_install command is deprecated setup.py egg_info --egg-base ../build/illustrateur3_gui build --build-base /home/caleb/illustrateUR3/src/build/illustrateur3_gui/build install --record /home/caleb/illustrateUR3/src/build/illustrateur3_gui/install.log --single-version-externally-managed install_data
