[0.957s] Invoking command in '/home/caleb/illustrateUR3/src/gesture_vision': PYTHONPATH=/home/caleb/illustrateUR3/src/build/gesture_vision/prefix_override:/usr/lib/python3/dist-packages/colcon_core/task/python/colcon_distutils_commands:/home/caleb/illustrateUR3/src/install/gesture_vision/lib/python3.10/site-packages:${PYTHONPATH} /usr/bin/python3 -W ignore:setup.py install is deprecated -W ignore:easy_install command is deprecated setup.py egg_info --egg-base ../build/gesture_vision build --build-base /home/caleb/illustrateUR3/src/build/gesture_vision/build install --record /home/caleb/illustrateUR3/src/build/gesture_vision/install.log --single-version-externally-managed install_data
[1.166s] running egg_info
[1.167s] writing ../build/gesture_vision/gesture_vision.egg-info/PKG-INFO
[1.167s] writing dependency_links to ../build/gesture_vision/gesture_vision.egg-info/dependency_links.txt
[1.167s] writing entry points to ../build/gesture_vision/gesture_vision.egg-info/entry_points.txt
[1.168s] writing requirements to ../build/gesture_vision/gesture_vision.egg-info/requires.txt
[1.168s] writing top-level names to ../build/gesture_vision/gesture_vision.egg-info/top_level.txt
[1.169s] reading manifest file '../build/gesture_vision/gesture_vision.egg-info/SOURCES.txt'
[1.170s] writing manifest file '../build/gesture_vision/gesture_vision.egg-info/SOURCES.txt'
[1.170s] running build
[1.170s] running build_py
[1.170s] running install
[1.170s] running install_lib
[1.171s] running install_data
[1.172s] running install_egg_info
[1.173s] removing '/home/caleb/illustrateUR3/src/install/gesture_vision/lib/python3.10/site-packages/gesture_vision-0.0.0-py3.10.egg-info' (and everything under it)
[1.173s] Copying ../build/gesture_vision/gesture_vision.egg-info to /home/caleb/illustrateUR3/src/install/gesture_vision/lib/python3.10/site-packages/gesture_vision-0.0.0-py3.10.egg-info
[1.174s] running install_scripts
[1.191s] Installing gesture_recognizer script to /home/caleb/illustrateUR3/src/install/gesture_vision/lib/gesture_vision
[1.191s] Installing gesture_recognizer_nocvbridge script to /home/caleb/illustrateUR3/src/install/gesture_vision/lib/gesture_vision
[1.191s] Installing webcam_publisher script to /home/caleb/illustrateUR3/src/install/gesture_vision/lib/gesture_vision
[1.192s] writing list of installed files to '/home/caleb/illustrateUR3/src/build/gesture_vision/install.log'
[1.222s] Invoked command in '/home/caleb/illustrateUR3/src/gesture_vision' returned '0': PYTHONPATH=/home/caleb/illustrateUR3/src/build/gesture_vision/prefix_override:/usr/lib/python3/dist-packages/colcon_core/task/python/colcon_distutils_commands:/home/caleb/illustrateUR3/src/install/gesture_vision/lib/python3.10/site-packages:${PYTHONPATH} /usr/bin/python3 -W ignore:setup.py install is deprecated -W ignore:easy_install command is deprecated setup.py egg_info --egg-base ../build/gesture_vision build --build-base /home/caleb/illustrateUR3/src/build/gesture_vision/build install --record /home/caleb/illustrateUR3/src/build/gesture_vision/install.log --single-version-externally-managed install_data
