[0.088s] DEBUG:colcon:Command line arguments: ['/usr/bin/colcon', 'build']
[0.088s] DEBUG:colcon:Parsed command line arguments: Namespace(log_base=None, log_level=None, verb_name='build', build_base='build', install_base='install', merge_install=False, symlink_install=False, test_result_base=None, continue_on_error=False, executor='parallel', parallel_workers=8, event_handlers=None, ignore_user_meta=False, metas=['./colcon.meta'], base_paths=['.'], packages_ignore=None, packages_ignore_regex=None, paths=None, packages_up_to=None, packages_up_to_regex=None, packages_above=None, packages_above_and_dependencies=None, packages_above_depth=None, packages_select_by_dep=None, packages_skip_by_dep=None, packages_skip_up_to=None, packages_select_build_failed=False, packages_skip_build_finished=False, packages_select_test_failures=False, packages_skip_test_passed=False, packages_select=None, packages_skip=None, packages_select_regex=None, packages_skip_regex=None, packages_start=None, packages_end=None, allow_overriding=[], cmake_args=None, cmake_target=None, cmake_target_skip_unavailable=False, cmake_clean_cache=False, cmake_clean_first=False, cmake_force_configure=False, ament_cmake_args=None, catkin_cmake_args=None, catkin_skip_building_tests=False, verb_parser=<colcon_defaults.argument_parser.defaults.DefaultArgumentsDecorator object at 0x78397f73b700>, verb_extension=<colcon_core.verb.build.BuildVerb object at 0x78397f87cb20>, main=<bound method BuildVerb.main of <colcon_core.verb.build.BuildVerb object at 0x78397f87cb20>>)
[0.223s] Level 1:colcon.colcon_core.package_discovery:discover_packages(colcon_meta) check parameters
[0.224s] Level 1:colcon.colcon_core.package_discovery:discover_packages(recursive) check parameters
[0.224s] Level 1:colcon.colcon_core.package_discovery:discover_packages(ignore) check parameters
[0.224s] Level 1:colcon.colcon_core.package_discovery:discover_packages(path) check parameters
[0.224s] Level 1:colcon.colcon_core.package_discovery:discover_packages(colcon_meta) discover
[0.224s] Level 1:colcon.colcon_core.package_discovery:discover_packages(recursive) discover
[0.224s] INFO:colcon.colcon_core.package_discovery:Crawling recursively for packages in '/home/caleb/illustrateUR3'
[0.224s] Level 1:colcon.colcon_core.package_identification:_identify(.) by extensions ['ignore', 'ignore_ament_install']
[0.224s] Level 1:colcon.colcon_core.package_identification:_identify(.) by extension 'ignore'
[0.224s] Level 1:colcon.colcon_core.package_identification:_identify(.) by extension 'ignore_ament_install'
[0.224s] Level 1:colcon.colcon_core.package_identification:_identify(.) by extensions ['colcon_pkg']
[0.224s] Level 1:colcon.colcon_core.package_identification:_identify(.) by extension 'colcon_pkg'
[0.224s] Level 1:colcon.colcon_core.package_identification:_identify(.) by extensions ['colcon_meta']
[0.224s] Level 1:colcon.colcon_core.package_identification:_identify(.) by extension 'colcon_meta'
[0.224s] Level 1:colcon.colcon_core.package_identification:_identify(.) by extensions ['ros']
[0.224s] Level 1:colcon.colcon_core.package_identification:_identify(.) by extension 'ros'
[0.233s] Level 1:colcon.colcon_core.package_identification:_identify(.) by extensions ['cmake', 'python']
[0.233s] Level 1:colcon.colcon_core.package_identification:_identify(.) by extension 'cmake'
[0.234s] Level 1:colcon.colcon_core.package_identification:_identify(.) by extension 'python'
[0.234s] Level 1:colcon.colcon_core.package_identification:_identify(.) by extensions ['python_setup_py']
[0.234s] Level 1:colcon.colcon_core.package_identification:_identify(.) by extension 'python_setup_py'
[0.234s] Level 1:colcon.colcon_core.package_identification:_identify(build) by extensions ['ignore', 'ignore_ament_install']
[0.234s] Level 1:colcon.colcon_core.package_identification:_identify(build) by extension 'ignore'
[0.234s] Level 1:colcon.colcon_core.package_identification:_identify(build) ignored
[0.234s] Level 1:colcon.colcon_core.package_identification:_identify(diagrams) by extensions ['ignore', 'ignore_ament_install']
[0.234s] Level 1:colcon.colcon_core.package_identification:_identify(diagrams) by extension 'ignore'
[0.234s] Level 1:colcon.colcon_core.package_identification:_identify(diagrams) by extension 'ignore_ament_install'
[0.234s] Level 1:colcon.colcon_core.package_identification:_identify(diagrams) by extensions ['colcon_pkg']
[0.234s] Level 1:colcon.colcon_core.package_identification:_identify(diagrams) by extension 'colcon_pkg'
[0.234s] Level 1:colcon.colcon_core.package_identification:_identify(diagrams) by extensions ['colcon_meta']
[0.234s] Level 1:colcon.colcon_core.package_identification:_identify(diagrams) by extension 'colcon_meta'
[0.234s] Level 1:colcon.colcon_core.package_identification:_identify(diagrams) by extensions ['ros']
[0.234s] Level 1:colcon.colcon_core.package_identification:_identify(diagrams) by extension 'ros'
[0.234s] Level 1:colcon.colcon_core.package_identification:_identify(diagrams) by extensions ['cmake', 'python']
[0.234s] Level 1:colcon.colcon_core.package_identification:_identify(diagrams) by extension 'cmake'
[0.234s] Level 1:colcon.colcon_core.package_identification:_identify(diagrams) by extension 'python'
[0.234s] Level 1:colcon.colcon_core.package_identification:_identify(diagrams) by extensions ['python_setup_py']
[0.234s] Level 1:colcon.colcon_core.package_identification:_identify(diagrams) by extension 'python_setup_py'
[0.234s] Level 1:colcon.colcon_core.package_identification:_identify(install) by extensions ['ignore', 'ignore_ament_install']
[0.235s] Level 1:colcon.colcon_core.package_identification:_identify(install) by extension 'ignore'
[0.235s] Level 1:colcon.colcon_core.package_identification:_identify(install) ignored
[0.235s] Level 1:colcon.colcon_core.package_identification:_identify(log) by extensions ['ignore', 'ignore_ament_install']
[0.235s] Level 1:colcon.colcon_core.package_identification:_identify(log) by extension 'ignore'
[0.235s] Level 1:colcon.colcon_core.package_identification:_identify(log) ignored
[0.235s] Level 1:colcon.colcon_core.package_identification:_identify(src) by extensions ['ignore', 'ignore_ament_install']
[0.235s] Level 1:colcon.colcon_core.package_identification:_identify(src) by extension 'ignore'
[0.235s] Level 1:colcon.colcon_core.package_identification:_identify(src) by extension 'ignore_ament_install'
[0.235s] Level 1:colcon.colcon_core.package_identification:_identify(src) by extensions ['colcon_pkg']
[0.235s] Level 1:colcon.colcon_core.package_identification:_identify(src) by extension 'colcon_pkg'
[0.235s] Level 1:colcon.colcon_core.package_identification:_identify(src) by extensions ['colcon_meta']
[0.235s] Level 1:colcon.colcon_core.package_identification:_identify(src) by extension 'colcon_meta'
[0.235s] Level 1:colcon.colcon_core.package_identification:_identify(src) by extensions ['ros']
[0.235s] Level 1:colcon.colcon_core.package_identification:_identify(src) by extension 'ros'
[0.235s] Level 1:colcon.colcon_core.package_identification:_identify(src) by extensions ['cmake', 'python']
[0.235s] Level 1:colcon.colcon_core.package_identification:_identify(src) by extension 'cmake'
[0.235s] Level 1:colcon.colcon_core.package_identification:_identify(src) by extension 'python'
[0.235s] Level 1:colcon.colcon_core.package_identification:_identify(src) by extensions ['python_setup_py']
[0.235s] Level 1:colcon.colcon_core.package_identification:_identify(src) by extension 'python_setup_py'
[0.235s] Level 1:colcon.colcon_core.package_identification:_identify(src/gesture_vision) by extensions ['ignore', 'ignore_ament_install']
[0.235s] Level 1:colcon.colcon_core.package_identification:_identify(src/gesture_vision) by extension 'ignore'
[0.236s] Level 1:colcon.colcon_core.package_identification:_identify(src/gesture_vision) by extension 'ignore_ament_install'
[0.236s] Level 1:colcon.colcon_core.package_identification:_identify(src/gesture_vision) by extensions ['colcon_pkg']
[0.236s] Level 1:colcon.colcon_core.package_identification:_identify(src/gesture_vision) by extension 'colcon_pkg'
[0.236s] Level 1:colcon.colcon_core.package_identification:_identify(src/gesture_vision) by extensions ['colcon_meta']
[0.236s] Level 1:colcon.colcon_core.package_identification:_identify(src/gesture_vision) by extension 'colcon_meta'
[0.236s] Level 1:colcon.colcon_core.package_identification:_identify(src/gesture_vision) by extensions ['ros']
[0.236s] Level 1:colcon.colcon_core.package_identification:_identify(src/gesture_vision) by extension 'ros'
[0.238s] DEBUG:colcon.colcon_core.package_identification:Package 'src/gesture_vision' with type 'ros.ament_python' and name 'gesture_vision'
[0.238s] Level 1:colcon.colcon_core.package_identification:_identify(src/illustrateur3_gui) by extensions ['ignore', 'ignore_ament_install']
[0.238s] Level 1:colcon.colcon_core.package_identification:_identify(src/illustrateur3_gui) by extension 'ignore'
[0.238s] Level 1:colcon.colcon_core.package_identification:_identify(src/illustrateur3_gui) by extension 'ignore_ament_install'
[0.238s] Level 1:colcon.colcon_core.package_identification:_identify(src/illustrateur3_gui) by extensions ['colcon_pkg']
[0.238s] Level 1:colcon.colcon_core.package_identification:_identify(src/illustrateur3_gui) by extension 'colcon_pkg'
[0.238s] Level 1:colcon.colcon_core.package_identification:_identify(src/illustrateur3_gui) by extensions ['colcon_meta']
[0.238s] Level 1:colcon.colcon_core.package_identification:_identify(src/illustrateur3_gui) by extension 'colcon_meta'
[0.238s] Level 1:colcon.colcon_core.package_identification:_identify(src/illustrateur3_gui) by extensions ['ros']
[0.238s] Level 1:colcon.colcon_core.package_identification:_identify(src/illustrateur3_gui) by extension 'ros'
[0.239s] DEBUG:colcon.colcon_core.package_identification:Package 'src/illustrateur3_gui' with type 'ros.ament_python' and name 'illustrateur3_gui'
[0.239s] Level 1:colcon.colcon_core.package_discovery:discover_packages(recursive) using defaults
[0.239s] Level 1:colcon.colcon_core.package_discovery:discover_packages(ignore) discover
[0.239s] Level 1:colcon.colcon_core.package_discovery:discover_packages(ignore) using defaults
[0.239s] Level 1:colcon.colcon_core.package_discovery:discover_packages(path) discover
[0.239s] Level 1:colcon.colcon_core.package_discovery:discover_packages(path) using defaults
[0.255s] Level 1:colcon.colcon_core.package_discovery:discover_packages(prefix_path) check parameters
[0.255s] Level 1:colcon.colcon_core.package_discovery:discover_packages(prefix_path) discover
[0.257s] DEBUG:colcon.colcon_installed_package_information.package_discovery:Found 1 installed packages in /home/caleb/ros2_ws/install
[0.258s] DEBUG:colcon.colcon_installed_package_information.package_discovery:Found 272 installed packages in /opt/ros/humble
[0.267s] Level 1:colcon.colcon_core.package_discovery:discover_packages(prefix_path) using defaults
[0.298s] Level 5:colcon.colcon_core.verb:set package 'gesture_vision' build argument 'cmake_args' from command line to 'None'
[0.298s] Level 5:colcon.colcon_core.verb:set package 'gesture_vision' build argument 'cmake_target' from command line to 'None'
[0.298s] Level 5:colcon.colcon_core.verb:set package 'gesture_vision' build argument 'cmake_target_skip_unavailable' from command line to 'False'
[0.298s] Level 5:colcon.colcon_core.verb:set package 'gesture_vision' build argument 'cmake_clean_cache' from command line to 'False'
[0.298s] Level 5:colcon.colcon_core.verb:set package 'gesture_vision' build argument 'cmake_clean_first' from command line to 'False'
[0.298s] Level 5:colcon.colcon_core.verb:set package 'gesture_vision' build argument 'cmake_force_configure' from command line to 'False'
[0.298s] Level 5:colcon.colcon_core.verb:set package 'gesture_vision' build argument 'ament_cmake_args' from command line to 'None'
[0.299s] Level 5:colcon.colcon_core.verb:set package 'gesture_vision' build argument 'catkin_cmake_args' from command line to 'None'
[0.299s] Level 5:colcon.colcon_core.verb:set package 'gesture_vision' build argument 'catkin_skip_building_tests' from command line to 'False'
[0.299s] DEBUG:colcon.colcon_core.verb:Building package 'gesture_vision' with the following arguments: {'ament_cmake_args': None, 'build_base': '/home/caleb/illustrateUR3/build/gesture_vision', 'catkin_cmake_args': None, 'catkin_skip_building_tests': False, 'cmake_args': None, 'cmake_clean_cache': False, 'cmake_clean_first': False, 'cmake_force_configure': False, 'cmake_target': None, 'cmake_target_skip_unavailable': False, 'install_base': '/home/caleb/illustrateUR3/install/gesture_vision', 'merge_install': False, 'path': '/home/caleb/illustrateUR3/src/gesture_vision', 'symlink_install': False, 'test_result_base': None}
[0.299s] Level 5:colcon.colcon_core.verb:set package 'illustrateur3_gui' build argument 'cmake_args' from command line to 'None'
[0.299s] Level 5:colcon.colcon_core.verb:set package 'illustrateur3_gui' build argument 'cmake_target' from command line to 'None'
[0.299s] Level 5:colcon.colcon_core.verb:set package 'illustrateur3_gui' build argument 'cmake_target_skip_unavailable' from command line to 'False'
[0.299s] Level 5:colcon.colcon_core.verb:set package 'illustrateur3_gui' build argument 'cmake_clean_cache' from command line to 'False'
[0.299s] Level 5:colcon.colcon_core.verb:set package 'illustrateur3_gui' build argument 'cmake_clean_first' from command line to 'False'
[0.299s] Level 5:colcon.colcon_core.verb:set package 'illustrateur3_gui' build argument 'cmake_force_configure' from command line to 'False'
[0.299s] Level 5:colcon.colcon_core.verb:set package 'illustrateur3_gui' build argument 'ament_cmake_args' from command line to 'None'
[0.299s] Level 5:colcon.colcon_core.verb:set package 'illustrateur3_gui' build argument 'catkin_cmake_args' from command line to 'None'
[0.299s] Level 5:colcon.colcon_core.verb:set package 'illustrateur3_gui' build argument 'catkin_skip_building_tests' from command line to 'False'
[0.299s] DEBUG:colcon.colcon_core.verb:Building package 'illustrateur3_gui' with the following arguments: {'ament_cmake_args': None, 'build_base': '/home/caleb/illustrateUR3/build/illustrateur3_gui', 'catkin_cmake_args': None, 'catkin_skip_building_tests': False, 'cmake_args': None, 'cmake_clean_cache': False, 'cmake_clean_first': False, 'cmake_force_configure': False, 'cmake_target': None, 'cmake_target_skip_unavailable': False, 'install_base': '/home/caleb/illustrateUR3/install/illustrateur3_gui', 'merge_install': False, 'path': '/home/caleb/illustrateUR3/src/illustrateur3_gui', 'symlink_install': False, 'test_result_base': None}
[0.299s] INFO:colcon.colcon_core.executor:Executing jobs using 'parallel' executor
[0.300s] DEBUG:colcon.colcon_parallel_executor.executor.parallel:run_until_complete
[0.300s] INFO:colcon.colcon_ros.task.ament_python.build:Building ROS package in '/home/caleb/illustrateUR3/src/gesture_vision' with build type 'ament_python'
[0.300s] Level 1:colcon.colcon_core.shell:create_environment_hook('gesture_vision', 'ament_prefix_path')
[0.302s] INFO:colcon.colcon_core.plugin_system:Skipping extension 'colcon_core.shell.bat': Not used on non-Windows systems
[0.302s] INFO:colcon.colcon_core.shell:Creating environment hook '/home/caleb/illustrateUR3/install/gesture_vision/share/gesture_vision/hook/ament_prefix_path.ps1'
[0.303s] INFO:colcon.colcon_core.shell:Creating environment descriptor '/home/caleb/illustrateUR3/install/gesture_vision/share/gesture_vision/hook/ament_prefix_path.dsv'
[0.303s] INFO:colcon.colcon_core.shell:Creating environment hook '/home/caleb/illustrateUR3/install/gesture_vision/share/gesture_vision/hook/ament_prefix_path.sh'
[0.304s] INFO:colcon.colcon_core.shell:Skip shell extension 'powershell' for command environment: Not usable outside of PowerShell
[0.304s] DEBUG:colcon.colcon_core.shell:Skip shell extension 'dsv' for command environment
[0.306s] INFO:colcon.colcon_ros.task.ament_python.build:Building ROS package in '/home/caleb/illustrateUR3/src/illustrateur3_gui' with build type 'ament_python'
[0.306s] Level 1:colcon.colcon_core.shell:create_environment_hook('illustrateur3_gui', 'ament_prefix_path')
[0.307s] INFO:colcon.colcon_core.shell:Creating environment hook '/home/caleb/illustrateUR3/install/illustrateur3_gui/share/illustrateur3_gui/hook/ament_prefix_path.ps1'
[0.307s] INFO:colcon.colcon_core.shell:Creating environment descriptor '/home/caleb/illustrateUR3/install/illustrateur3_gui/share/illustrateur3_gui/hook/ament_prefix_path.dsv'
[0.307s] INFO:colcon.colcon_core.shell:Creating environment hook '/home/caleb/illustrateUR3/install/illustrateur3_gui/share/illustrateur3_gui/hook/ament_prefix_path.sh'
[0.308s] INFO:colcon.colcon_core.shell:Skip shell extension 'powershell' for command environment: Not usable outside of PowerShell
[0.308s] DEBUG:colcon.colcon_core.shell:Skip shell extension 'dsv' for command environment
[0.535s] INFO:colcon.colcon_core.task.python.build:Building Python package in '/home/caleb/illustrateUR3/src/gesture_vision'
[0.535s] INFO:colcon.colcon_core.shell:Skip shell extension 'powershell' for command environment: Not usable outside of PowerShell
[0.535s] DEBUG:colcon.colcon_core.shell:Skip shell extension 'dsv' for command environment
[0.744s] INFO:colcon.colcon_core.task.python.build:Building Python package in '/home/caleb/illustrateUR3/src/illustrateur3_gui'
[0.744s] INFO:colcon.colcon_core.shell:Skip shell extension 'powershell' for command environment: Not usable outside of PowerShell
[0.744s] DEBUG:colcon.colcon_core.shell:Skip shell extension 'dsv' for command environment
[1.053s] DEBUG:colcon.colcon_core.event_handler.log_command:Invoking command in '/home/caleb/illustrateUR3/src/gesture_vision': PYTHONPATH=/home/caleb/illustrateUR3/build/gesture_vision/prefix_override:/usr/lib/python3/dist-packages/colcon_core/task/python/colcon_distutils_commands:/home/caleb/illustrateUR3/install/gesture_vision/lib/python3.10/site-packages:${PYTHONPATH} /usr/bin/python3 -W ignore:setup.py install is deprecated -W ignore:easy_install command is deprecated setup.py egg_info --egg-base ../../build/gesture_vision build --build-base /home/caleb/illustrateUR3/build/gesture_vision/build install --record /home/caleb/illustrateUR3/build/gesture_vision/install.log --single-version-externally-managed install_data
[1.063s] DEBUG:colcon.colcon_core.event_handler.log_command:Invoking command in '/home/caleb/illustrateUR3/src/illustrateur3_gui': PYTHONPATH=/home/caleb/illustrateUR3/build/illustrateur3_gui/prefix_override:/usr/lib/python3/dist-packages/colcon_core/task/python/colcon_distutils_commands:/home/caleb/illustrateUR3/install/illustrateur3_gui/lib/python3.10/site-packages:${PYTHONPATH} /usr/bin/python3 -W ignore:setup.py install is deprecated -W ignore:easy_install command is deprecated setup.py egg_info --egg-base ../../build/illustrateur3_gui build --build-base /home/caleb/illustrateUR3/build/illustrateur3_gui/build install --record /home/caleb/illustrateUR3/build/illustrateur3_gui/install.log --single-version-externally-managed install_data
[1.323s] DEBUG:colcon.colcon_core.event_handler.log_command:Invoked command in '/home/caleb/illustrateUR3/src/gesture_vision' returned '0': PYTHONPATH=/home/caleb/illustrateUR3/build/gesture_vision/prefix_override:/usr/lib/python3/dist-packages/colcon_core/task/python/colcon_distutils_commands:/home/caleb/illustrateUR3/install/gesture_vision/lib/python3.10/site-packages:${PYTHONPATH} /usr/bin/python3 -W ignore:setup.py install is deprecated -W ignore:easy_install command is deprecated setup.py egg_info --egg-base ../../build/gesture_vision build --build-base /home/caleb/illustrateUR3/build/gesture_vision/build install --record /home/caleb/illustrateUR3/build/gesture_vision/install.log --single-version-externally-managed install_data
[1.326s] Level 1:colcon.colcon_core.environment:checking '/home/caleb/illustrateUR3/install/gesture_vision' for CMake module files
[1.326s] Level 1:colcon.colcon_core.environment:checking '/home/caleb/illustrateUR3/install/gesture_vision' for CMake config files
[1.327s] Level 1:colcon.colcon_core.environment:checking '/home/caleb/illustrateUR3/install/gesture_vision/lib'
[1.327s] Level 1:colcon.colcon_core.environment:checking '/home/caleb/illustrateUR3/install/gesture_vision/bin'
[1.327s] Level 1:colcon.colcon_core.environment:checking '/home/caleb/illustrateUR3/install/gesture_vision/lib/pkgconfig/gesture_vision.pc'
[1.327s] Level 1:colcon.colcon_core.environment:checking '/home/caleb/illustrateUR3/install/gesture_vision/lib/python3.10/site-packages'
[1.327s] Level 1:colcon.colcon_core.shell:create_environment_hook('gesture_vision', 'pythonpath')
[1.328s] INFO:colcon.colcon_core.shell:Creating environment hook '/home/caleb/illustrateUR3/install/gesture_vision/share/gesture_vision/hook/pythonpath.ps1'
[1.328s] INFO:colcon.colcon_core.shell:Creating environment descriptor '/home/caleb/illustrateUR3/install/gesture_vision/share/gesture_vision/hook/pythonpath.dsv'
[1.328s] INFO:colcon.colcon_core.shell:Creating environment hook '/home/caleb/illustrateUR3/install/gesture_vision/share/gesture_vision/hook/pythonpath.sh'
[1.329s] Level 1:colcon.colcon_core.environment:checking '/home/caleb/illustrateUR3/install/gesture_vision/bin'
[1.329s] Level 1:colcon.colcon_core.environment:create_environment_scripts_only(gesture_vision)
[1.330s] INFO:colcon.colcon_core.shell:Creating package script '/home/caleb/illustrateUR3/install/gesture_vision/share/gesture_vision/package.ps1'
[1.331s] INFO:colcon.colcon_core.shell:Creating package descriptor '/home/caleb/illustrateUR3/install/gesture_vision/share/gesture_vision/package.dsv'
[1.331s] INFO:colcon.colcon_core.shell:Creating package script '/home/caleb/illustrateUR3/install/gesture_vision/share/gesture_vision/package.sh'
[1.332s] INFO:colcon.colcon_core.shell:Creating package script '/home/caleb/illustrateUR3/install/gesture_vision/share/gesture_vision/package.bash'
[1.333s] INFO:colcon.colcon_core.shell:Creating package script '/home/caleb/illustrateUR3/install/gesture_vision/share/gesture_vision/package.zsh'
[1.334s] Level 1:colcon.colcon_core.environment:create_file_with_runtime_dependencies(/home/caleb/illustrateUR3/install/gesture_vision/share/colcon-core/packages/gesture_vision)
[1.335s] Level 1:colcon.colcon_core.environment:checking '/home/caleb/illustrateUR3/install/illustrateur3_gui' for CMake module files
[1.335s] DEBUG:colcon.colcon_core.event_handler.log_command:Invoked command in '/home/caleb/illustrateUR3/src/illustrateur3_gui' returned '0': PYTHONPATH=/home/caleb/illustrateUR3/build/illustrateur3_gui/prefix_override:/usr/lib/python3/dist-packages/colcon_core/task/python/colcon_distutils_commands:/home/caleb/illustrateUR3/install/illustrateur3_gui/lib/python3.10/site-packages:${PYTHONPATH} /usr/bin/python3 -W ignore:setup.py install is deprecated -W ignore:easy_install command is deprecated setup.py egg_info --egg-base ../../build/illustrateur3_gui build --build-base /home/caleb/illustrateUR3/build/illustrateur3_gui/build install --record /home/caleb/illustrateUR3/build/illustrateur3_gui/install.log --single-version-externally-managed install_data
[1.336s] Level 1:colcon.colcon_core.environment:checking '/home/caleb/illustrateUR3/install/illustrateur3_gui' for CMake config files
[1.336s] Level 1:colcon.colcon_core.environment:checking '/home/caleb/illustrateUR3/install/illustrateur3_gui/lib'
[1.336s] Level 1:colcon.colcon_core.environment:checking '/home/caleb/illustrateUR3/install/illustrateur3_gui/bin'
[1.336s] Level 1:colcon.colcon_core.environment:checking '/home/caleb/illustrateUR3/install/illustrateur3_gui/lib/pkgconfig/illustrateur3_gui.pc'
[1.336s] Level 1:colcon.colcon_core.environment:checking '/home/caleb/illustrateUR3/install/illustrateur3_gui/lib/python3.10/site-packages'
[1.337s] Level 1:colcon.colcon_core.shell:create_environment_hook('illustrateur3_gui', 'pythonpath')
[1.337s] INFO:colcon.colcon_core.shell:Creating environment hook '/home/caleb/illustrateUR3/install/illustrateur3_gui/share/illustrateur3_gui/hook/pythonpath.ps1'
[1.337s] INFO:colcon.colcon_core.shell:Creating environment descriptor '/home/caleb/illustrateUR3/install/illustrateur3_gui/share/illustrateur3_gui/hook/pythonpath.dsv'
[1.337s] INFO:colcon.colcon_core.shell:Creating environment hook '/home/caleb/illustrateUR3/install/illustrateur3_gui/share/illustrateur3_gui/hook/pythonpath.sh'
[1.338s] Level 1:colcon.colcon_core.environment:checking '/home/caleb/illustrateUR3/install/illustrateur3_gui/bin'
[1.338s] Level 1:colcon.colcon_core.environment:create_environment_scripts_only(illustrateur3_gui)
[1.339s] INFO:colcon.colcon_core.shell:Creating package script '/home/caleb/illustrateUR3/install/illustrateur3_gui/share/illustrateur3_gui/package.ps1'
[1.339s] INFO:colcon.colcon_core.shell:Creating package descriptor '/home/caleb/illustrateUR3/install/illustrateur3_gui/share/illustrateur3_gui/package.dsv'
[1.339s] INFO:colcon.colcon_core.shell:Creating package script '/home/caleb/illustrateUR3/install/illustrateur3_gui/share/illustrateur3_gui/package.sh'
[1.340s] INFO:colcon.colcon_core.shell:Creating package script '/home/caleb/illustrateUR3/install/illustrateur3_gui/share/illustrateur3_gui/package.bash'
[1.340s] INFO:colcon.colcon_core.shell:Creating package script '/home/caleb/illustrateUR3/install/illustrateur3_gui/share/illustrateur3_gui/package.zsh'
[1.340s] Level 1:colcon.colcon_core.environment:create_file_with_runtime_dependencies(/home/caleb/illustrateUR3/install/illustrateur3_gui/share/colcon-core/packages/illustrateur3_gui)
[1.341s] DEBUG:colcon.colcon_parallel_executor.executor.parallel:closing loop
[1.341s] DEBUG:colcon.colcon_parallel_executor.executor.parallel:loop closed
[1.341s] DEBUG:colcon.colcon_parallel_executor.executor.parallel:run_until_complete finished with '0'
[1.341s] DEBUG:colcon.colcon_core.event_reactor:joining thread
[1.346s] INFO:colcon.colcon_core.plugin_system:Skipping extension 'colcon_notification.desktop_notification.terminal_notifier': Not used on non-Darwin systems
[1.346s] INFO:colcon.colcon_core.plugin_system:Skipping extension 'colcon_notification.desktop_notification.win32': Not used on non-Windows systems
[1.346s] INFO:colcon.colcon_notification.desktop_notification:Sending desktop notification using 'notify2'
[1.358s] DEBUG:colcon.colcon_core.event_reactor:joined thread
[1.358s] INFO:colcon.colcon_core.shell:Creating prefix script '/home/caleb/illustrateUR3/install/local_setup.ps1'
[1.359s] INFO:colcon.colcon_core.shell:Creating prefix util module '/home/caleb/illustrateUR3/install/_local_setup_util_ps1.py'
[1.361s] INFO:colcon.colcon_core.shell:Creating prefix chain script '/home/caleb/illustrateUR3/install/setup.ps1'
[1.362s] INFO:colcon.colcon_core.shell:Creating prefix script '/home/caleb/illustrateUR3/install/local_setup.sh'
[1.362s] INFO:colcon.colcon_core.shell:Creating prefix util module '/home/caleb/illustrateUR3/install/_local_setup_util_sh.py'
[1.363s] INFO:colcon.colcon_core.shell:Creating prefix chain script '/home/caleb/illustrateUR3/install/setup.sh'
[1.364s] INFO:colcon.colcon_core.shell:Creating prefix script '/home/caleb/illustrateUR3/install/local_setup.bash'
[1.364s] INFO:colcon.colcon_core.shell:Creating prefix chain script '/home/caleb/illustrateUR3/install/setup.bash'
[1.365s] INFO:colcon.colcon_core.shell:Creating prefix script '/home/caleb/illustrateUR3/install/local_setup.zsh'
[1.365s] INFO:colcon.colcon_core.shell:Creating prefix chain script '/home/caleb/illustrateUR3/install/setup.zsh'
